Microchip MPLAB XC8 Compiler V3.00

Linker command line:

-W-3 \
  --edf=C:/Users/nbuser/.mchp_packs/Microchip/PIC12-16F1xxx_DFP/1.8.254/xc8\pic\dat\20250327143623_en.msgs \
  -cn -h+dist/default/debug\TempControl.X.debug.sym \
  --cmf=dist/default/debug\TempControl.X.debug.cmf -z -Q16F1936 \
  -oC:\Users\nbuser\AppData\Local\Temp\xcAs122c.\driver_tmp_3.o \
  --defsym=__MPLAB_BUILD=1 --fixupoverflow=error \
  -Mdist/default/debug/TempControl.X.debug.map \
  --md=C:\Users\nbuser\AppData\Local\Temp\xcAs122c.\driver_tmp_0.dat -E1 \
  -ver=XC8 Compiler -ACODE=00h-07FFhx4 -ASTRCODE=00h-01FFFh \
  -ASTRING=00h-0FFhx32 -ACONST=00h-0FFhx32 -AENTRY=00h-0FFhx32 \
  -ACOMMON=070h-07Fh -ABANK0=020h-06Fh -ABANK1=0A0h-0EFh \
  -ABANK2=0120h-016Fh -ABANK3=01A0h-01EFh -ABANK4=0220h-026Fh \
  -ABANK5=02A0h-02EFh -ABIGRAM=02000h-021DFh \
  -ARAM=020h-06Fh,0A0h-0EFh,0120h-016Fh,01A0h-01EFh,0220h-026Fh,02A0h-02EFh \
  -AABS1=020h-07Fh,0A0h-0EFh,0120h-016Fh,01A0h-01EFh,0220h-026Fh,02A0h-02EFh,0320h-032Fh \
  -ASFR0=00h-01Fh -ASFR1=080h-09Fh -ASFR2=0100h-011Fh -ASFR3=0180h-019Fh \
  -ASFR4=0200h-021Fh -ASFR5=0280h-029Fh -ASFR6=0300h-036Fh \
  -ASFR7=0380h-03EFh -ASFR8=0400h-046Fh -ASFR9=0480h-04EFh \
  -ASFR10=0500h-056Fh -ASFR11=0580h-05EFh -ASFR12=0600h-066Fh \
  -ASFR13=0680h-06EFh -ASFR14=0700h-076Fh -ASFR15=0780h-07EFh \
  -ASFR16=0800h-086Fh -ASFR17=0880h-08EFh -ASFR18=0900h-096Fh \
  -ASFR19=0980h-09EFh -ASFR20=0A00h-0A6Fh -ASFR21=0A80h-0AEFh \
  -ASFR22=0B00h-0B6Fh -ASFR23=0B80h-0BEFh -ASFR24=0C00h-0C6Fh \
  -ASFR25=0C80h-0CEFh -ASFR26=0D00h-0D6Fh -ASFR27=0D80h-0DEFh \
  -ASFR28=0E00h-0E6Fh -ASFR29=0E80h-0EEFh -ASFR30=0F00h-0F6Fh \
  -ASFR31=0F80h-0FEFh -ACONFIG=08007h-08008h -DCONFIG=2 \
  -AIDLOC=08000h-08003h -DIDLOC=2 -AEEDATA=00h-0FFh/0F000h \
  -peeprom_data=EEDATA -DEEDATA=2 -DCODE=2 -DSTRCODE=2 -DSTRING=2 -DCONST=2 \
  -DENTRY=2 -preset_vec=00h,intentry=04h,sivt,init,end_init -ppowerup=CODE \
  -pcinit=CODE -pfunctab=ENTRY -k \
  C:\Users\nbuser\AppData\Local\Temp\xcAs122c.\driver_tmp_15.o \
  dist/default/debug\TempControl.X.debug.o 

Object code version is 3.11

Machine type is 16F1936



                Name                               Link     Load   Length Selector   Space Scale
C:\Users\nbuser\AppData\Local\Temp\xcAs122c.\driver_tmp_15.o
                end_init                             13       13        2        8       0
                reset_vec                             0        0        3        0       0
                config                             8007     8007        2        0       4
dist/default/debug\TempControl.X.debug.o
                cinit                                15       15       19        8       0
                intentry                              4        4        F        8       0
                config                             8007     8007        2        0       4
                text32                              E63      E63       37     1CC6       0
                text31                              D41      D41       10     1A82       0
                text29                              D1A      D1A        8     1A34       0
                text28                              CEF      CEF        6     19DE       0
                text27                              CF5      CF5        6     19EA       0
                text26                              CFB      CFB        6     19F6       0
                text25                              DE1      DE1       22     1BC2       0
                text24                              D13      D13        7     1A26       0
                text23                              D8B      D8B       1B     1B16       0
                text22                              D01      D01        6     1A02       0
                text21                              D77      D77       14     1AEE       0
                text20                              CEB      CEB        4     19D6       0
                text19                              D51      D51       13     1AA2       0
                text18                              E03      E03       2E     1C06       0
                text17                              D34      D34        D     1A68       0
                text16                              F58      F58       51     1EB0       0
                text15                              E9A      E9A       3A     1D34       0
                text14                              E31      E31       32     1C62       0
                text13                              D22      D22        8     1A44       0
                text12                              484      484      197        8       0
                text11                               2E       2E      2AE        8       0
                text10                              DC1      DC1       20     1B82       0
                text9                               FA9      FA9       57     1F52       0
                text8                               D2A      D2A        A     1A54       0
                text7                               704      704       8C        8       0
                text6                               2DC      2DC      1A8        8       0
                text5                               61B      61B       E9        8       0
                text4                               DA6      DA6       1B     1B4C       0
                text3                               790      790       5B        8       0
                text2                               ED4      ED4       42     1DA8       0
                text1                               D64      D64       13     1AC8       0
                maintext                            F16      F16       42     1E2C       0
                cstackBANK0                          5B       5B        D       20       1
                cstackCOMMON                         70       70        D       70       1
                clrtext                             D07      D07        6     1A0E       0
                inittext                            D0D      D0D        6     1A1A       0
                dataBANK0                            47       47       14       20       1
                bssBANK0                             20       20       27       20       1
                bssCOMMON                            7D       7D        1       70       1
                nvBANK1                              A0       A0        4       A0       1
                nvBANK0                              68       68        7       20       1
                idataBANK0                          7EB      7EB       14        8       0

TOTAL           Name                               Link     Load   Length     Space
        CLASS   CODE           
                end_init                             13       13        2         0
                cinit                                15       15       19         0
                intentry                              4        4        F         0
                reset_vec                             0        0        3         0
                text32                              E63      E63       37         0
                text31                              D41      D41       10         0
                text29                              D1A      D1A        8         0
                text28                              CEF      CEF        6         0
                text27                              CF5      CF5        6         0
                text26                              CFB      CFB        6         0
                text25                              DE1      DE1       22         0
                text24                              D13      D13        7         0
                text23                              D8B      D8B       1B         0
                text22                              D01      D01        6         0
                text21                              D77      D77       14         0
                text20                              CEB      CEB        4         0
                text19                              D51      D51       13         0
                text18                              E03      E03       2E         0
                text17                              D34      D34        D         0
                text16                              F58      F58       51         0
                text15                              E9A      E9A       3A         0
                text14                              E31      E31       32         0
                text13                              D22      D22        8         0
                text12                              484      484      197         0
                text11                               2E       2E      2AE         0
                text10                              DC1      DC1       20         0
                text9                               FA9      FA9       57         0
                text8                               D2A      D2A        A         0
                text7                               704      704       8C         0
                text6                               2DC      2DC      1A8         0
                text5                               61B      61B       E9         0
                text4                               DA6      DA6       1B         0
                text3                               790      790       5B         0
                text2                               ED4      ED4       42         0
                text1                               D64      D64       13         0
                maintext                            F16      F16       42         0
                clrtext                             D07      D07        6         0
                inittext                            D0D      D0D        6         0
                idataBANK0                          7EB      7EB       14         0

        CLASS   STRCODE        

        CLASS   STRING         

        CLASS   CONST          

        CLASS   ENTRY          

        CLASS   COMMON         
                cstackCOMMON                         70       70        D         1
                bssCOMMON                            7D       7D        1         1

        CLASS   BANK0          
                cstackBANK0                          5B       5B        D         1
                dataBANK0                            47       47       14         1
                bssBANK0                             20       20       27         1
                nvBANK0                              68       68        7         1

        CLASS   BANK1          
                nvBANK1                              A0       A0        4         1

        CLASS   BANK2          

        CLASS   BANK3          

        CLASS   BANK4          

        CLASS   BANK5          

        CLASS   BIGRAM         

        CLASS   RAM            

        CLASS   ABS1           
                abs_s1                               7E       7E        2         1

        CLASS   SFR0           

        CLASS   SFR1           

        CLASS   SFR2           

        CLASS   SFR3           

        CLASS   SFR4           

        CLASS   SFR5           

        CLASS   SFR6           

        CLASS   SFR7           

        CLASS   SFR8           

        CLASS   SFR9           

        CLASS   SFR10          

        CLASS   SFR11          

        CLASS   SFR12          

        CLASS   SFR13          

        CLASS   SFR14          

        CLASS   SFR15          

        CLASS   SFR16          

        CLASS   SFR17          

        CLASS   SFR18          

        CLASS   SFR19          

        CLASS   SFR20          

        CLASS   SFR21          

        CLASS   SFR22          

        CLASS   SFR23          

        CLASS   SFR24          

        CLASS   SFR25          

        CLASS   SFR26          

        CLASS   SFR27          

        CLASS   SFR28          

        CLASS   SFR29          

        CLASS   SFR30          

        CLASS   SFR31          

        CLASS   CONFIG         
                config                             8007     8007        2         4

        CLASS   IDLOC          

        CLASS   EEDATA         

        CLASS   BANK31         

        CLASS   BANK30         

        CLASS   BANK29         

        CLASS   BANK28         

        CLASS   BANK27         

        CLASS   BANK26         

        CLASS   BANK25         

        CLASS   BANK24         

        CLASS   BANK23         

        CLASS   BANK22         

        CLASS   BANK21         

        CLASS   BANK20         

        CLASS   BANK19         

        CLASS   BANK18         

        CLASS   BANK17         

        CLASS   BANK16         

        CLASS   BANK15         

        CLASS   BANK14         

        CLASS   BANK13         

        CLASS   BANK12         

        CLASS   BANK11         

        CLASS   BANK10         

        CLASS   BANK9          

        CLASS   BANK8          

        CLASS   BANK7          

        CLASS   BANK6          

        CLASS   HEAP           

        CLASS   STACK          



SEGMENTS        Name                           Load    Length   Top    Selector   Space  Class     Delta

                reset_vec                      000000  000003  000003         0       0  CODE        2
                intentry                       000004  0007FB  0007FF         8       0  CODE        2
                bssBANK0                       000020  00004F  00006F        20       1  BANK0       1
                cstackCOMMON                   000070  00000E  00007E        70       1  COMMON      1
                nvBANK1                        0000A0  000004  0000A4        A0       1  BANK1       1
                text20                         000CEB  000004  000CEF      19D6       0  CODE        2
                text28                         000CEF  000006  000CF5      19DE       0  CODE        2
                text27                         000CF5  000006  000CFB      19EA       0  CODE        2
                text26                         000CFB  000006  000D01      19F6       0  CODE        2
                text22                         000D01  000006  000D07      1A02       0  CODE        2
                clrtext                        000D07  000006  000D0D      1A0E       0  CODE        2
                inittext                       000D0D  000006  000D13      1A1A       0  CODE        2
                text24                         000D13  000007  000D1A      1A26       0  CODE        2
                text29                         000D1A  000008  000D22      1A34       0  CODE        2
                text13                         000D22  000008  000D2A      1A44       0  CODE        2
                text8                          000D2A  00000A  000D34      1A54       0  CODE        2
                text17                         000D34  00000D  000D41      1A68       0  CODE        2
                text31                         000D41  000010  000D51      1A82       0  CODE        2
                text19                         000D51  000013  000D64      1AA2       0  CODE        2
                text1                          000D64  000013  000D77      1AC8       0  CODE        2
                text21                         000D77  000014  000D8B      1AEE       0  CODE        2
                text23                         000D8B  00001B  000DA6      1B16       0  CODE        2
                text4                          000DA6  00001B  000DC1      1B4C       0  CODE        2
                text10                         000DC1  000020  000DE1      1B82       0  CODE        2
                text25                         000DE1  000022  000E03      1BC2       0  CODE        2
                text18                         000E03  00002E  000E31      1C06       0  CODE        2
                text14                         000E31  000032  000E63      1C62       0  CODE        2
                text32                         000E63  000037  000E9A      1CC6       0  CODE        2
                text15                         000E9A  00003A  000ED4      1D34       0  CODE        2
                text2                          000ED4  000042  000F16      1DA8       0  CODE        2
                maintext                       000F16  000042  000F58      1E2C       0  CODE        2
                text16                         000F58  000051  000FA9      1EB0       0  CODE        2
                text9                          000FA9  000057  001000      1F52       0  CODE        2


UNUSED ADDRESS RANGES

        Name                Unused          Largest block    Delta
        BANK0            0006F-0006F               1           1
        BANK1            000A4-000EF              4C           1
        BANK2            00120-0016F              50           1
        BANK3            001A0-001EF              50           1
        BANK4            00220-0026F              50           1
        BANK5            002A0-002EF              50           1
        BIGRAM           02000-021DF             1E0           1
        CODE             00003-00003               1           2
                         007FF-00CEA               1
                         01000-01FFF             800
        CONST            00003-00003               1           2
                         007FF-00CEA             100
                         01000-01FFF             100
        EEDATA           0F000-0F0FF             100           2
        ENTRY            00003-00003               1           2
                         007FF-00CEA             100
                         01000-01FFF             100
        IDLOC            08000-08003               4           2
        RAM              0006F-0006F               1           1
                         000A4-000EF              4C
                         00120-0016F              50
                         001A0-001EF              50
                         00220-0026F              50
                         002A0-002EF              50
        SFR0             00000-0001F              20           1
        SFR1             00080-0009F              20           1
        SFR10            00500-0056F              70           1
        SFR11            00580-005EF              70           1
        SFR12            00600-0066F              70           1
        SFR13            00680-006EF              70           1
        SFR14            00700-0076F              70           1
        SFR15            00780-007EF              70           1
        SFR16            00800-0086F              70           1
        SFR17            00880-008EF              70           1
        SFR18            00900-0096F              70           1
        SFR19            00980-009EF              70           1
        SFR2             00100-0011F              20           1
        SFR20            00A00-00A6F              70           1
        SFR21            00A80-00AEF              70           1
        SFR22            00B00-00B6F              70           1
        SFR23            00B80-00BEF              70           1
        SFR24            00C00-00C6F              70           1
        SFR25            00C80-00CEF              70           1
        SFR26            00D00-00D6F              70           1
        SFR27            00D80-00DEF              70           1
        SFR28            00E00-00E6F              70           1
        SFR29            00E80-00EEF              70           1
        SFR3             00180-0019F              20           1
        SFR30            00F00-00F6F              70           1
        SFR31            00F80-00FEF              70           1
        SFR4             00200-0021F              20           1
        SFR5             00280-0029F              20           1
        SFR6             00300-0036F              70           1
        SFR7             00380-003EF              70           1
        SFR8             00400-0046F              70           1
        SFR9             00480-004EF              70           1
        STRCODE          00003-00003               1           2
                         007FF-00CEA             4EC
                         01000-01FFF            1000
        STRING           00003-00003               1           2
                         007FF-00CEA             100
                         01000-01FFF             100

                                  Symbol Table

?_ADC_GetConversion                            cstackCOMMON 00070
?___awdiv                                      cstackCOMMON 00070
?___awmod                                      cstackCOMMON 00070
?___lwdiv                                      cstackCOMMON 00070
?___lwmod                                      cstackCOMMON 00070
?_getTime_ms                                   cstackCOMMON 00070
ADC_GetConversion@channel                      cstackCOMMON 00073
CalTemperture@NTC                              cstackBANK0  0005B
CalTemperture@NTC_Value                        cstackCOMMON 00078
CalTemperture@temp                             cstackBANK0  0005D
EUSART_SetErrorHandler@interruptHandler        cstackCOMMON 00070
EUSART_SetFramingErrorHandler@interruptHandler cstackCOMMON 00070
EUSART_SetOverrunErrorHandler@interruptHandler cstackCOMMON 00070
SSD@num                                        cstackCOMMON 00073
SSD@xn                                         cstackCOMMON 00072
SSLED@nu                                       cstackCOMMON 00071
SSLED@xa                                       cstackCOMMON 00070
TMR0_SetInterruptHandler@InterruptHandler      cstackCOMMON 00070
_ADCON0                                        (abs)        0009D
_ADCON0bits                                    (abs)        0009D
_ADCON1                                        (abs)        0009E
_ADC_GetConversion                             text4        00DA6
_ADC_Initialize                                text29       00D1A
_ADRESH                                        (abs)        0009C
_ADRESL                                        (abs)        0009B
_ANSELA                                        (abs)        0018C
_ANSELB                                        (abs)        0018D
_APFCON                                        (abs)        0011D
_BAUDCON                                       (abs)        0019F
_BORCON                                        (abs)        00116
_CalTemperture                                 text2        00ED4
_EUSART_DefaultErrorHandler                    (abs)        00000
_EUSART_DefaultFramingErrorHandler             (abs)        00000
_EUSART_DefaultOverrunErrorHandler             (abs)        00000
_EUSART_ErrorHandler                           nvBANK1      000A0
_EUSART_FramingErrorHandler                    nvBANK0      00068
_EUSART_Initialize                             text25       00DE1
_EUSART_OverrunErrorHandler                    nvBANK1      000A2
_EUSART_SetErrorHandler                        text28       00CEF
_EUSART_SetFramingErrorHandler                 text27       00CF5
_EUSART_SetOverrunErrorHandler                 text26       00CFB
_INTCONbits                                    (abs)        0000B
_INTERRUPT_InterruptManager                    intentry     00004
_LATA                                          (abs)        0010C
_LATAbits                                      (abs)        0010C
_LATB                                          (abs)        0010D
_LATC                                          (abs)        0010E
_LATCbits                                      (abs)        0010E
_LATE                                          (abs)        00110
_LED_DISABLE                                   text13       00D22
_OPTION_REG                                    (abs)        00095
_OPTION_REGbits                                (abs)        00095
_OSCCON                                        (abs)        00099
_OSCILLATOR_Initialize                         text24       00D13
_OSCTUNE                                       (abs)        00098
_PIN_MANAGER_Initialize                        text23       00D8B
_PIR1bits                                      (abs)        00011
_PORTBbits                                     (abs)        0000D
_RCREG                                         (abs)        00199
_RCSTA                                         (abs)        0019D
_RCSTAbits                                     (abs)        0019D
_SPBRGH                                        (abs)        0019C
_SPBRGL                                        (abs)        0019B
_SSD                                           text11       0002E
_SSLED                                         text12       00484
_SW1_Status                                    bssBANK0     00045
_SW2_LongPressTime                             dataBANK0    0004F
_SW2_Status                                    bssBANK0     00044
_SW3_LongPressTime                             dataBANK0    0004B
_SW3_Status                                    bssBANK0     00043
_SYSTEM_Initialize                             text19       00D51
_TMR0                                          (abs)        00015
_TMR0_ISR                                      text31       00D41
_TMR0_Initialize                               text21       00D77
_TMR0_InterruptHandler                         nvBANK0      0006A
_TMR0_SetInterruptHandler                      text22       00D01
_TMR0_timerHandler                             text32       00E63
_TRISA                                         (abs)        0008C
_TRISAbits                                     (abs)        0008C
_TRISB                                         (abs)        0008D
_TRISC                                         (abs)        0008E
_TRISCbits                                     (abs)        0008E
_TRISE                                         (abs)        00090
_TXREG                                         (abs)        0019A
_TXSTA                                         (abs)        0019E
_TXSTAbits                                     (abs)        0019E
_WDTCON                                        (abs)        00097
_WDT_Initialize                                text20       00CEB
_WPUB                                          (abs)        0020D
_WPUE                                          (abs)        00210
__H__absolute__                                __absolute__ 00000
__Habs1                                        abs1         00000
__Hbank0                                       bank0        00000
__Hbank1                                       bank1        00000
__Hbank10                                      bank10       00000
__Hbank11                                      bank11       00000
__Hbank12                                      bank12       00000
__Hbank13                                      bank13       00000
__Hbank14                                      bank14       00000
__Hbank15                                      bank15       00000
__Hbank16                                      bank16       00000
__Hbank17                                      bank17       00000
__Hbank18                                      bank18       00000
__Hbank19                                      bank19       00000
__Hbank2                                       bank2        00000
__Hbank20                                      bank20       00000
__Hbank21                                      bank21       00000
__Hbank22                                      bank22       00000
__Hbank23                                      bank23       00000
__Hbank24                                      bank24       00000
__Hbank25                                      bank25       00000
__Hbank26                                      bank26       00000
__Hbank27                                      bank27       00000
__Hbank28                                      bank28       00000
__Hbank29                                      bank29       00000
__Hbank3                                       bank3        00000
__Hbank30                                      bank30       00000
__Hbank31                                      bank31       00000
__Hbank4                                       bank4        00000
__Hbank5                                       bank5        00000
__Hbank6                                       bank6        00000
__Hbank7                                       bank7        00000
__Hbank8                                       bank8        00000
__Hbank9                                       bank9        00000
__Hbigram                                      bigram       00000
__HbssBANK0                                    bssBANK0     00000
__HbssCOMMON                                   bssCOMMON    00000
__Hcinit                                       cinit        0002E
__Hclrtext                                     clrtext      00000
__Hcode                                        code         00000
__Hcommon                                      common       00000
__Hconfig                                      config       08009
__HcstackBANK0                                 cstackBANK0  00000
__HcstackCOMMON                                cstackCOMMON 00000
__HdataBANK0                                   dataBANK0    00000
__Heeprom_data                                 eeprom_data  00000
__Hend_init                                    end_init     00015
__Hfunctab                                     functab      00000
__Hheap                                        heap         00000
__HidataBANK0                                  idataBANK0   00000
__Hinit                                        init         00013
__Hinittext                                    inittext     00000
__Hintentry                                    intentry     00013
__Hmaintext                                    maintext     00000
__HnvBANK0                                     nvBANK0      00000
__HnvBANK1                                     nvBANK1      00000
__Hpowerup                                     powerup      00000
__Hram                                         ram          00000
__Hreset_vec                                   reset_vec    00003
__Hsfr0                                        sfr0         00000
__Hsfr1                                        sfr1         00000
__Hsfr10                                       sfr10        00000
__Hsfr11                                       sfr11        00000
__Hsfr12                                       sfr12        00000
__Hsfr13                                       sfr13        00000
__Hsfr14                                       sfr14        00000
__Hsfr15                                       sfr15        00000
__Hsfr16                                       sfr16        00000
__Hsfr17                                       sfr17        00000
__Hsfr18                                       sfr18        00000
__Hsfr19                                       sfr19        00000
__Hsfr2                                        sfr2         00000
__Hsfr20                                       sfr20        00000
__Hsfr21                                       sfr21        00000
__Hsfr22                                       sfr22        00000
__Hsfr23                                       sfr23        00000
__Hsfr24                                       sfr24        00000
__Hsfr25                                       sfr25        00000
__Hsfr26                                       sfr26        00000
__Hsfr27                                       sfr27        00000
__Hsfr28                                       sfr28        00000
__Hsfr29                                       sfr29        00000
__Hsfr3                                        sfr3         00000
__Hsfr30                                       sfr30        00000
__Hsfr31                                       sfr31        00000
__Hsfr4                                        sfr4         00000
__Hsfr5                                        sfr5         00000
__Hsfr6                                        sfr6         00000
__Hsfr7                                        sfr7         00000
__Hsfr8                                        sfr8         00000
__Hsfr9                                        sfr9         00000
__Hsivt                                        sivt         00013
__Hspace_0                                     (abs)        01000
__Hspace_1                                     (abs)        000A4
__Hspace_2                                     (abs)        00000
__Hspace_3                                     (abs)        00000
__Hspace_4                                     (abs)        10010
__Hstack                                       stack        00000
__Hstrings                                     strings      00000
__Htext                                        text         00000
__L__absolute__                                __absolute__ 00000
__Labs1                                        abs1         00000
__Lbank0                                       bank0        00000
__Lbank1                                       bank1        00000
__Lbank10                                      bank10       00000
__Lbank11                                      bank11       00000
__Lbank12                                      bank12       00000
__Lbank13                                      bank13       00000
__Lbank14                                      bank14       00000
__Lbank15                                      bank15       00000
__Lbank16                                      bank16       00000
__Lbank17                                      bank17       00000
__Lbank18                                      bank18       00000
__Lbank19                                      bank19       00000
__Lbank2                                       bank2        00000
__Lbank20                                      bank20       00000
__Lbank21                                      bank21       00000
__Lbank22                                      bank22       00000
__Lbank23                                      bank23       00000
__Lbank24                                      bank24       00000
__Lbank25                                      bank25       00000
__Lbank26                                      bank26       00000
__Lbank27                                      bank27       00000
__Lbank28                                      bank28       00000
__Lbank29                                      bank29       00000
__Lbank3                                       bank3        00000
__Lbank30                                      bank30       00000
__Lbank31                                      bank31       00000
__Lbank4                                       bank4        00000
__Lbank5                                       bank5        00000
__Lbank6                                       bank6        00000
__Lbank7                                       bank7        00000
__Lbank8                                       bank8        00000
__Lbank9                                       bank9        00000
__Lbigram                                      bigram       00000
__LbssBANK0                                    bssBANK0     00000
__LbssCOMMON                                   bssCOMMON    00000
__Lcinit                                       cinit        00015
__Lclrtext                                     clrtext      00000
__Lcode                                        code         00000
__Lcommon                                      common       00000
__Lconfig                                      config       00000
__LcstackBANK0                                 cstackBANK0  00000
__LcstackCOMMON                                cstackCOMMON 00000
__LdataBANK0                                   dataBANK0    00000
__Leeprom_data                                 eeprom_data  00000
__Lend_init                                    end_init     00013
__Lfunctab                                     functab      00000
__Lheap                                        heap         00000
__LidataBANK0                                  idataBANK0   00000
__Linit                                        init         00013
__Linittext                                    inittext     00000
__Lintentry                                    intentry     00004
__Lmaintext                                    maintext     00000
__LnvBANK0                                     nvBANK0      00000
__LnvBANK1                                     nvBANK1      00000
__Lpowerup                                     powerup      00000
__Lram                                         ram          00000
__Lreset_vec                                   reset_vec    00000
__Lsfr0                                        sfr0         00000
__Lsfr1                                        sfr1         00000
__Lsfr10                                       sfr10        00000
__Lsfr11                                       sfr11        00000
__Lsfr12                                       sfr12        00000
__Lsfr13                                       sfr13        00000
__Lsfr14                                       sfr14        00000
__Lsfr15                                       sfr15        00000
__Lsfr16                                       sfr16        00000
__Lsfr17                                       sfr17        00000
__Lsfr18                                       sfr18        00000
__Lsfr19                                       sfr19        00000
__Lsfr2                                        sfr2         00000
__Lsfr20                                       sfr20        00000
__Lsfr21                                       sfr21        00000
__Lsfr22                                       sfr22        00000
__Lsfr23                                       sfr23        00000
__Lsfr24                                       sfr24        00000
__Lsfr25                                       sfr25        00000
__Lsfr26                                       sfr26        00000
__Lsfr27                                       sfr27        00000
__Lsfr28                                       sfr28        00000
__Lsfr29                                       sfr29        00000
__Lsfr3                                        sfr3         00000
__Lsfr30                                       sfr30        00000
__Lsfr31                                       sfr31        00000
__Lsfr4                                        sfr4         00000
__Lsfr5                                        sfr5         00000
__Lsfr6                                        sfr6         00000
__Lsfr7                                        sfr7         00000
__Lsfr8                                        sfr8         00000
__Lsfr9                                        sfr9         00000
__Lsivt                                        sivt         00013
__Lspace_0                                     (abs)        00000
__Lspace_1                                     (abs)        00000
__Lspace_2                                     (abs)        00000
__Lspace_3                                     (abs)        00000
__Lspace_4                                     (abs)        00000
__Lstack                                       stack        00000
__Lstrings                                     strings      00000
__Ltext                                        text         00000
__S0                                           (abs)        01000
__S1                                           (abs)        000A4
__S3                                           (abs)        00000
___awdiv                                       text3        00790
___awdiv@counter                               cstackCOMMON 00074
___awdiv@dividend                              cstackCOMMON 00072
___awdiv@divisor                               cstackCOMMON 00070
___awdiv@quotient                              cstackCOMMON 00076
___awdiv@sign                                  cstackCOMMON 00075
___awmod                                       text16       00F58
___awmod@counter                               cstackCOMMON 00074
___awmod@dividend                              cstackCOMMON 00072
___awmod@divisor                               cstackCOMMON 00070
___awmod@sign                                  cstackCOMMON 00075
___heap_hi                                     (abs)        00000
___heap_lo                                     (abs)        00000
___int_sp                                      stack        00000
___int_stack_hi                                stack        00000
___int_stack_lo                                stack        00000
___latbits                                     (abs)        00002
___lwdiv                                       text15       00E9A
___lwdiv@counter                               cstackCOMMON 00076
___lwdiv@dividend                              cstackCOMMON 00072
___lwdiv@divisor                               cstackCOMMON 00070
___lwdiv@quotient                              cstackCOMMON 00074
___lwmod                                       text14       00E31
___lwmod@counter                               cstackCOMMON 00074
___lwmod@dividend                              cstackCOMMON 00072
___lwmod@divisor                               cstackCOMMON 00070
___sp                                          stack        00000
___stack_hi                                    stack        00000
___stack_lo                                    stack        00000
___stackhi                                     (abs)        00000
___stacklo                                     (abs)        00000
__end_of_ADC_GetConversion                     text4        00DC1
__end_of_ADC_Initialize                        text29       00D22
__end_of_CalTemperture                         text2        00F16
__end_of_EUSART_Initialize                     text25       00E03
__end_of_EUSART_SetErrorHandler                text28       00CF5
__end_of_EUSART_SetFramingErrorHandler         text27       00CFB
__end_of_EUSART_SetOverrunErrorHandler         text26       00D01
__end_of_INTERRUPT_InterruptManager            intentry     00013
__end_of_LED_DISABLE                           text13       00D2A
__end_of_OSCILLATOR_Initialize                 text24       00D1A
__end_of_PIN_MANAGER_Initialize                text23       00DA6
__end_of_SSD                                   text11       002DC
__end_of_SSLED                                 text12       0061B
__end_of_SYSTEM_Initialize                     text19       00D64
__end_of_TMR0_ISR                              text31       00D51
__end_of_TMR0_Initialize                       text21       00D8B
__end_of_TMR0_SetInterruptHandler              text22       00D07
__end_of_TMR0_timerHandler                     text32       00E9A
__end_of_WDT_Initialize                        text20       00CEF
__end_of___awdiv                               text3        007EB
__end_of___awmod                               text16       00FA9
__end_of___lwdiv                               text15       00ED4
__end_of___lwmod                               text14       00E63
__end_of__initialization                       cinit        0002A
__end_of_checkTemperature_SET1                 text18       00E31
__end_of_checkTemperature_SET2                 text17       00D41
__end_of_chkeckPressKeyNumber                  text7        00790
__end_of_disp_7seg                             text10       00DE1
__end_of_disp_sub                              text9        01000
__end_of_getKeyStatus                          text5        00704
__end_of_getTemperature                        text1        00D77
__end_of_getTime_ms                            text8        00D34
__end_of_keyDebounce                           text6        00484
__end_of_main                                  maintext     00F58
__initialization                               cinit        00015
__pbssBANK0                                    bssBANK0     00020
__pbssCOMMON                                   bssCOMMON    0007D
__pcstackBANK0                                 cstackBANK0  0005B
__pcstackCOMMON                                cstackCOMMON 00070
__pdataBANK0                                   dataBANK0    00047
__pidataBANK0                                  idataBANK0   007EB
__pintentry                                    intentry     00004
__pmaintext                                    maintext     00F16
__pnvBANK0                                     nvBANK0      00068
__pnvBANK1                                     nvBANK1      000A0
__ptext1                                       text1        00D64
__ptext10                                      text10       00DC1
__ptext11                                      text11       0002E
__ptext12                                      text12       00484
__ptext13                                      text13       00D22
__ptext14                                      text14       00E31
__ptext15                                      text15       00E9A
__ptext16                                      text16       00F58
__ptext17                                      text17       00D34
__ptext18                                      text18       00E03
__ptext19                                      text19       00D51
__ptext2                                       text2        00ED4
__ptext20                                      text20       00CEB
__ptext21                                      text21       00D77
__ptext22                                      text22       00D01
__ptext23                                      text23       00D8B
__ptext24                                      text24       00D13
__ptext25                                      text25       00DE1
__ptext26                                      text26       00CFB
__ptext27                                      text27       00CF5
__ptext28                                      text28       00CEF
__ptext29                                      text29       00D1A
__ptext3                                       text3        00790
__ptext31                                      text31       00D41
__ptext32                                      text32       00E63
__ptext4                                       text4        00DA6
__ptext5                                       text5        0061B
__ptext6                                       text6        002DC
__ptext7                                       text7        00704
__ptext8                                       text8        00D2A
__ptext9                                       text9        00FA9
_adc_result                                    nvBANK0      0006C
_checkTemperature_SET1                         text18       00E03
_checkTemperature_SET2                         text17       00D34
_chkeckPressKeyNumber                          text7        00704
_disp_7seg                                     text10       00DC1
_disp_sub                                      text9        00FA9
_displayMode                                   bssBANK0     00046
_eusartRxLastError                             bssBANK0     0003F
_f1S                                           bssBANK0     0003E
_fKeyRelease_SW1                               dataBANK0    00058
_fKeyRelease_SW2                               dataBANK0    00057
_fKeyRelease_SW3                               dataBANK0    00056
_fNoKeyPress                                   bssBANK0     00041
_fNoKeyPressOverTime                           bssBANK0     00040
_fTooManyKeyPress                              bssBANK0     00042
_getKeyStatus                                  text5        0061B
_getTemperature                                text1        00D64
_getTime_ms                                    text8        00D2A
_keyDebounce                                   text6        002DC
_longPressCurrentTime                          bssBANK0     0002C
_main                                          maintext     00F16
_milliSeconds                                  bssBANK0     00030
_t1000ms                                       bssBANK0     00034
_t250ms                                        bssBANK0     00038
_t500ms                                        bssBANK0     00036
_temperature                                   nvBANK0      0006E
_temperature_SET1                              dataBANK0    0005A
_temperature_SET2                              dataBANK0    00059
_timer0ReloadVal                               bssCOMMON    0007D
btemp                                          (abs)        0007E
chkeckPressKeyNumber@CurrentTime               cstackCOMMON 00079
chkeckPressKeyNumber@KeyPressTime              dataBANK0    00047
chkeckPressKeyNumber@keyCnt                    cstackCOMMON 00078
clear_ram0                                     clrtext      00D07
disp_7seg@char1                                cstackCOMMON 00076
disp_7seg@char2                                cstackCOMMON 00074
disp_7seg@char3                                cstackCOMMON 00075
disp_sub@disp_char                             cstackCOMMON 00077
disp_sub@disp_temp                             cstackBANK0  0005B
disp_sub@display_digital1                      cstackBANK0  00062
disp_sub@display_digital2                      cstackBANK0  0005C
disp_sub@display_digital3                      cstackBANK0  0005D
disp_sub@i                                     cstackBANK0  00060
disp_sub@temp                                  cstackBANK0  0005E
end_of_initialization                          cinit        0002A
getKeyStatus@tempCnt                           cstackBANK0  00067
getKeyStatus@tempMode                          cstackBANK0  00066
init_ram                                       inittext     00D0D
int$flags                                      (abs)        0007E
intlevel0                                      functab      00000
intlevel1                                      functab      00000
intlevel2                                      functab      00000
intlevel3                                      functab      00000
intlevel4                                      functab      00000
intlevel5                                      functab      00000
keyDebounce@CurrentTime                        cstackBANK0  0005E
keyDebounce@SW1_CurrentState                   cstackBANK0  0005B
keyDebounce@SW1_PreviousState                  dataBANK0    00055
keyDebounce@SW1_PreviousTime                   bssBANK0     00028
keyDebounce@SW2_CurrentState                   cstackBANK0  0005C
keyDebounce@SW2_PreviousState                  dataBANK0    00054
keyDebounce@SW2_PreviousTime                   bssBANK0     00024
keyDebounce@SW3_CurrentState                   cstackBANK0  0005D
keyDebounce@SW3_PreviousState                  dataBANK0    00053
keyDebounce@SW3_PreviousTime                   bssBANK0     00020
reset_vec                                      reset_vec    00000
start                                          init         00013
start_initialization                           cinit        00015
wtemp0                                         (abs)        0007E


MODULE INFORMATION

Module		Function		Class		Link	Load	Size
mcc_generated_files/key/key.c
		_chkeckPressKeyNumber		CODE           	0704	0000	140
		_getTime_ms    		CODE           	0D2A	0000	10
		_keyDebounce   		CODE           	02DC	0000	424
		_getKeyStatus  		CODE           	061B	0000	233

mcc_generated_files/key/key.c estimated size: 807

mcc_generated_files/interrupt_manager.c
		_INTERRUPT_InterruptManager		CODE           	0004	0000	15

mcc_generated_files/interrupt_manager.c estimated size: 15

mcc_generated_files/tmr0.c
		_TMR0_SetInterruptHandler		CODE           	0D01	0000	6
		_TMR0_ISR      		CODE           	0D41	0000	16
		_TMR0_Initialize		CODE           	0D77	0000	20

mcc_generated_files/tmr0.c estimated size: 42

mcc_generated_files/disp_7seg/disp_7seg.c
		_disp_7seg     		CODE           	0DC1	0000	32
		_disp_sub      		CODE           	0FA9	0000	87
		_LED_DISABLE   		CODE           	0D22	0000	8
		_SSLED         		CODE           	0484	0000	407
		_SSD           		CODE           	002E	0000	686

mcc_generated_files/disp_7seg/disp_7seg.c estimated size: 1220

mcc_generated_files/pin_manager.c
		_PIN_MANAGER_Initialize		CODE           	0D8B	0000	27

mcc_generated_files/pin_manager.c estimated size: 27

mcc_generated_files/adc.c
		_ADC_Initialize		CODE           	0D1A	0000	8
		_ADC_GetConversion		CODE           	0DA6	0000	27

mcc_generated_files/adc.c estimated size: 35

C:\Program Files\Microchip\xc8\v3.00\pic\sources\c99\common\lwmod.c
		___lwmod       		CODE           	0E31	0000	50

C:\Program Files\Microchip\xc8\v3.00\pic\sources\c99\common\lwmod.c estimated size: 50

C:\Program Files\Microchip\xc8\v3.00\pic\sources\c99\common\awmod.c
		___awmod       		CODE           	0F58	0000	81

C:\Program Files\Microchip\xc8\v3.00\pic\sources\c99\common\awmod.c estimated size: 81

shared
		__initialization		CODE           	0015	0000	21

shared estimated size: 21

mcc_generated_files/mcc.c
		_WDT_Initialize		CODE           	0CEB	0000	4
		_OSCILLATOR_Initialize		CODE           	0D13	0000	7
		_SYSTEM_Initialize		CODE           	0D51	0000	19

mcc_generated_files/mcc.c estimated size: 30

C:\Program Files\Microchip\xc8\v3.00\pic\sources\c99\common\lwdiv.c
		___lwdiv       		CODE           	0E9A	0000	58

C:\Program Files\Microchip\xc8\v3.00\pic\sources\c99\common\lwdiv.c estimated size: 58

C:\Program Files\Microchip\xc8\v3.00\pic\sources\c99\common\awdiv.c
		___awdiv       		CODE           	0790	0000	91

C:\Program Files\Microchip\xc8\v3.00\pic\sources\c99\common\awdiv.c estimated size: 91

mcc_generated_files/eusart.c
		_EUSART_Initialize		CODE           	0DE1	0000	34
		_EUSART_SetFramingErrorHandler		CODE           	0CF5	0000	6
		_EUSART_SetErrorHandler		CODE           	0CEF	0000	6
		_EUSART_SetOverrunErrorHandler		CODE           	0CFB	0000	6

mcc_generated_files/eusart.c estimated size: 52

main.c
		_TMR0_timerHandler		CODE           	0E63	0000	55
		_main          		CODE           	0F16	0000	66
		_checkTemperature_SET1		CODE           	0E03	0000	46
		_checkTemperature_SET2		CODE           	0D34	0000	13

main.c estimated size: 180

mcc_generated_files/temperature/termperature.c
		_getTemperature		CODE           	0D64	0000	19
		_CalTemperture 		CODE           	0ED4	0000	66

mcc_generated_files/temperature/termperature.c estimated size: 85

