Microchip MPLAB XC8 Compiler V3.00

Linker command line:

-W-3 \
  --edf=C:/Users/nbuser/.mchp_packs/Microchip/PIC12-16F1xxx_DFP/1.8.254/xc8\pic\dat\20250327143623_en.msgs \
  -cn -h+dist/default/debug\TempControl.X.debug.sym \
  --cmf=dist/default/debug\TempControl.X.debug.cmf -z -Q16F1936 \
  -oC:\Users\nbuser\AppData\Local\Temp\xcAs10c8.\driver_tmp_3.o \
  --defsym=__MPLAB_BUILD=1 --fixupoverflow=error \
  -Mdist/default/debug/TempControl.X.debug.map \
  --md=C:\Users\nbuser\AppData\Local\Temp\xcAs10c8.\driver_tmp_0.dat -E1 \
  -ver=XC8 Compiler -ACODE=00h-07FFhx4 -ASTRCODE=00h-01FFFh \
  -ASTRING=00h-0FFhx32 -ACONST=00h-0FFhx32 -AENTRY=00h-0FFhx32 \
  -ACOMMON=070h-07Fh -ABANK0=020h-06Fh -ABANK1=0A0h-0EFh \
  -ABANK2=0120h-016Fh -ABANK3=01A0h-01EFh -ABANK4=0220h-026Fh \
  -ABANK5=02A0h-02EFh -ABIGRAM=02000h-021DFh \
  -ARAM=020h-06Fh,0A0h-0EFh,0120h-016Fh,01A0h-01EFh,0220h-026Fh,02A0h-02EFh \
  -AABS1=020h-07Fh,0A0h-0EFh,0120h-016Fh,01A0h-01EFh,0220h-026Fh,02A0h-02EFh,0320h-032Fh \
  -ASFR0=00h-01Fh -ASFR1=080h-09Fh -ASFR2=0100h-011Fh -ASFR3=0180h-019Fh \
  -ASFR4=0200h-021Fh -ASFR5=0280h-029Fh -ASFR6=0300h-036Fh \
  -ASFR7=0380h-03EFh -ASFR8=0400h-046Fh -ASFR9=0480h-04EFh \
  -ASFR10=0500h-056Fh -ASFR11=0580h-05EFh -ASFR12=0600h-066Fh \
  -ASFR13=0680h-06EFh -ASFR14=0700h-076Fh -ASFR15=0780h-07EFh \
  -ASFR16=0800h-086Fh -ASFR17=0880h-08EFh -ASFR18=0900h-096Fh \
  -ASFR19=0980h-09EFh -ASFR20=0A00h-0A6Fh -ASFR21=0A80h-0AEFh \
  -ASFR22=0B00h-0B6Fh -ASFR23=0B80h-0BEFh -ASFR24=0C00h-0C6Fh \
  -ASFR25=0C80h-0CEFh -ASFR26=0D00h-0D6Fh -ASFR27=0D80h-0DEFh \
  -ASFR28=0E00h-0E6Fh -ASFR29=0E80h-0EEFh -ASFR30=0F00h-0F6Fh \
  -ASFR31=0F80h-0FEFh -ACONFIG=08007h-08008h -DCONFIG=2 \
  -AIDLOC=08000h-08003h -DIDLOC=2 -AEEDATA=00h-0FFh/0F000h \
  -peeprom_data=EEDATA -DEEDATA=2 -DCODE=2 -DSTRCODE=2 -DSTRING=2 -DCONST=2 \
  -DENTRY=2 -preset_vec=00h,intentry=04h,sivt,init,end_init -ppowerup=CODE \
  -pcinit=CODE -pfunctab=ENTRY -k \
  C:\Users\nbuser\AppData\Local\Temp\xcAs10c8.\driver_tmp_15.o \
  dist/default/debug\TempControl.X.debug.o 

Object code version is 3.11

Machine type is 16F1936



                Name                               Link     Load   Length Selector   Space Scale
C:\Users\nbuser\AppData\Local\Temp\xcAs10c8.\driver_tmp_15.o
                end_init                             13       13        2        8       0
                reset_vec                             0        0        3        0       0
                config                             8007     8007        2        0       4
dist/default/debug\TempControl.X.debug.o
                cinit                                15       15       1A        8       0
                intentry                              4        4        F        8       0
                config                             8007     8007        2        0       4
                text28                              EF4      EF4       2A     1DE8       0
                text27                              E59      E59       10     1CB2       0
                text25                              E7C      E7C       1B     1CF8       0
                text24                              6E9      6E9       5B        8       0
                text23                              FBE      FBE       42     1F7C       0
                text22                              E31      E31        8     1C62       0
                text21                              E06      E06        6     1C0C       0
                text20                              E0C      E0C        6     1C18       0
                text19                              E12      E12        6     1C24       0
                text18                              ED2      ED2       22     1DA4       0
                text17                              E2A      E2A        7     1C54       0
                text16                              E97      E97       1B     1D2E       0
                text15                              E18      E18        6     1C30       0
                text14                              7EC      7EC       14        8       0
                text13                              E02      E02        4     1C04       0
                text12                              E69      E69       13     1CD2       0
                text11                              F50      F50       34     1EA0       0
                text10                              79B      79B       51        8       0
                text9                               F84      F84       3A     1F08       0
                text8                               F1E      F1E       32     1E3C       0
                text7                               E39      E39        8     1C72       0
                text6                               485      485      197        8       0
                text5                                2F       2F      2AE        8       0
                text4                               EB2      EB2       20     1D64       0
                text3                               744      744       57        8       0
                text2                               E41      E41        A     1C82       0
                text1                               2DD      2DD      1A8        8       0
                maintext                            61C      61C       CD        8       0
                cstackBANK0                          4F       4F        C       20       1
                cstackCOMMON                         70       70        C       70       1
                clrtext                             E1E      E1E        6     1C3C       0
                inittext                            E24      E24        6     1C48       0
                dataBANK0                            41       41        E       20       1
                bssBANK0                             20       20       21       20       1
                bssCOMMON                            7C       7C        2       70       1
                nvBANK0                              5B       5B        B       20       1
                idataBANK0                          E4B      E4B        E     1C96       0

TOTAL           Name                               Link     Load   Length     Space
        CLASS   CODE           
                end_init                             13       13        2         0
                cinit                                15       15       1A         0
                intentry                              4        4        F         0
                reset_vec                             0        0        3         0
                text28                              EF4      EF4       2A         0
                text27                              E59      E59       10         0
                text25                              E7C      E7C       1B         0
                text24                              6E9      6E9       5B         0
                text23                              FBE      FBE       42         0
                text22                              E31      E31        8         0
                text21                              E06      E06        6         0
                text20                              E0C      E0C        6         0
                text19                              E12      E12        6         0
                text18                              ED2      ED2       22         0
                text17                              E2A      E2A        7         0
                text16                              E97      E97       1B         0
                text15                              E18      E18        6         0
                text14                              7EC      7EC       14         0
                text13                              E02      E02        4         0
                text12                              E69      E69       13         0
                text11                              F50      F50       34         0
                text10                              79B      79B       51         0
                text9                               F84      F84       3A         0
                text8                               F1E      F1E       32         0
                text7                               E39      E39        8         0
                text6                               485      485      197         0
                text5                                2F       2F      2AE         0
                text4                               EB2      EB2       20         0
                text3                               744      744       57         0
                text2                               E41      E41        A         0
                text1                               2DD      2DD      1A8         0
                maintext                            61C      61C       CD         0
                clrtext                             E1E      E1E        6         0
                inittext                            E24      E24        6         0
                idataBANK0                          E4B      E4B        E         0

        CLASS   STRCODE        

        CLASS   STRING         

        CLASS   CONST          

        CLASS   ENTRY          

        CLASS   COMMON         
                cstackCOMMON                         70       70        C         1
                bssCOMMON                            7C       7C        2         1

        CLASS   BANK0          
                cstackBANK0                          4F       4F        C         1
                dataBANK0                            41       41        E         1
                bssBANK0                             20       20       21         1
                nvBANK0                              5B       5B        B         1

        CLASS   BANK1          

        CLASS   BANK2          

        CLASS   BANK3          

        CLASS   BANK4          

        CLASS   BANK5          

        CLASS   BIGRAM         

        CLASS   RAM            

        CLASS   ABS1           
                abs_s1                               7E       7E        2         1

        CLASS   SFR0           

        CLASS   SFR1           

        CLASS   SFR2           

        CLASS   SFR3           

        CLASS   SFR4           

        CLASS   SFR5           

        CLASS   SFR6           

        CLASS   SFR7           

        CLASS   SFR8           

        CLASS   SFR9           

        CLASS   SFR10          

        CLASS   SFR11          

        CLASS   SFR12          

        CLASS   SFR13          

        CLASS   SFR14          

        CLASS   SFR15          

        CLASS   SFR16          

        CLASS   SFR17          

        CLASS   SFR18          

        CLASS   SFR19          

        CLASS   SFR20          

        CLASS   SFR21          

        CLASS   SFR22          

        CLASS   SFR23          

        CLASS   SFR24          

        CLASS   SFR25          

        CLASS   SFR26          

        CLASS   SFR27          

        CLASS   SFR28          

        CLASS   SFR29          

        CLASS   SFR30          

        CLASS   SFR31          

        CLASS   CONFIG         
                config                             8007     8007        2         4

        CLASS   IDLOC          

        CLASS   EEDATA         

        CLASS   BANK31         

        CLASS   BANK30         

        CLASS   BANK29         

        CLASS   BANK28         

        CLASS   BANK27         

        CLASS   BANK26         

        CLASS   BANK25         

        CLASS   BANK24         

        CLASS   BANK23         

        CLASS   BANK22         

        CLASS   BANK21         

        CLASS   BANK20         

        CLASS   BANK19         

        CLASS   BANK18         

        CLASS   BANK17         

        CLASS   BANK16         

        CLASS   BANK15         

        CLASS   BANK14         

        CLASS   BANK13         

        CLASS   BANK12         

        CLASS   BANK11         

        CLASS   BANK10         

        CLASS   BANK9          

        CLASS   BANK8          

        CLASS   BANK7          

        CLASS   BANK6          

        CLASS   HEAP           

        CLASS   STACK          



SEGMENTS        Name                           Load    Length   Top    Selector   Space  Class     Delta

                reset_vec                      000000  000003  000003         0       0  CODE        2
                intentry                       000004  0007FC  000800         8       0  CODE        2
                bssBANK0                       000020  000046  000066        20       1  BANK0       1
                cstackCOMMON                   000070  00000E  00007E        70       1  COMMON      1
                text13                         000E02  000004  000E06      1C04       0  CODE        2
                text21                         000E06  000006  000E0C      1C0C       0  CODE        2
                text20                         000E0C  000006  000E12      1C18       0  CODE        2
                text19                         000E12  000006  000E18      1C24       0  CODE        2
                text15                         000E18  000006  000E1E      1C30       0  CODE        2
                clrtext                        000E1E  000006  000E24      1C3C       0  CODE        2
                inittext                       000E24  000006  000E2A      1C48       0  CODE        2
                text17                         000E2A  000007  000E31      1C54       0  CODE        2
                text22                         000E31  000008  000E39      1C62       0  CODE        2
                text7                          000E39  000008  000E41      1C72       0  CODE        2
                text2                          000E41  00000A  000E4B      1C82       0  CODE        2
                idataBANK0                     000E4B  00000E  000E59      1C96       0  CODE        2
                text27                         000E59  000010  000E69      1CB2       0  CODE        2
                text12                         000E69  000013  000E7C      1CD2       0  CODE        2
                text25                         000E7C  00001B  000E97      1CF8       0  CODE        2
                text16                         000E97  00001B  000EB2      1D2E       0  CODE        2
                text4                          000EB2  000020  000ED2      1D64       0  CODE        2
                text18                         000ED2  000022  000EF4      1DA4       0  CODE        2
                text28                         000EF4  00002A  000F1E      1DE8       0  CODE        2
                text8                          000F1E  000032  000F50      1E3C       0  CODE        2
                text11                         000F50  000034  000F84      1EA0       0  CODE        2
                text9                          000F84  00003A  000FBE      1F08       0  CODE        2
                text23                         000FBE  000042  001000      1F7C       0  CODE        2


UNUSED ADDRESS RANGES

        Name                Unused          Largest block    Delta
        BANK0            00066-0006F               A           1
        BANK1            000A0-000EF              50           1
        BANK2            00120-0016F              50           1
        BANK3            001A0-001EF              50           1
        BANK4            00220-0026F              50           1
        BANK5            002A0-002EF              50           1
        BIGRAM           02000-021DF             1E0           1
        CODE             00003-00003               1           2
                         00800-00E01             602
                         01000-01FFF             800
        CONST            00003-00003               1           2
                         00800-00E01             100
                         01000-01FFF             100
        EEDATA           0F000-0F0FF             100           2
        ENTRY            00003-00003               1           2
                         00800-00E01             100
                         01000-01FFF             100
        IDLOC            08000-08003               4           2
        RAM              00066-0006F               A           1
                         000A0-000EF              50
                         00120-0016F              50
                         001A0-001EF              50
                         00220-0026F              50
                         002A0-002EF              50
        SFR0             00000-0001F              20           1
        SFR1             00080-0009F              20           1
        SFR10            00500-0056F              70           1
        SFR11            00580-005EF              70           1
        SFR12            00600-0066F              70           1
        SFR13            00680-006EF              70           1
        SFR14            00700-0076F              70           1
        SFR15            00780-007EF              70           1
        SFR16            00800-0086F              70           1
        SFR17            00880-008EF              70           1
        SFR18            00900-0096F              70           1
        SFR19            00980-009EF              70           1
        SFR2             00100-0011F              20           1
        SFR20            00A00-00A6F              70           1
        SFR21            00A80-00AEF              70           1
        SFR22            00B00-00B6F              70           1
        SFR23            00B80-00BEF              70           1
        SFR24            00C00-00C6F              70           1
        SFR25            00C80-00CEF              70           1
        SFR26            00D00-00D6F              70           1
        SFR27            00D80-00DEF              70           1
        SFR28            00E00-00E6F              70           1
        SFR29            00E80-00EEF              70           1
        SFR3             00180-0019F              20           1
        SFR30            00F00-00F6F              70           1
        SFR31            00F80-00FEF              70           1
        SFR4             00200-0021F              20           1
        SFR5             00280-0029F              20           1
        SFR6             00300-0036F              70           1
        SFR7             00380-003EF              70           1
        SFR8             00400-0046F              70           1
        SFR9             00480-004EF              70           1
        STRCODE          00003-00003               1           2
                         00800-00E01             602
                         01000-01FFF            1000
        STRING           00003-00003               1           2
                         00800-00E01             100
                         01000-01FFF             100

                                  Symbol Table

?_ADC_GetConversion                            cstackCOMMON 00070
?___awdiv                                      cstackCOMMON 00070
?___awmod                                      cstackCOMMON 00070
?___lwdiv                                      cstackCOMMON 00070
?___lwmod                                      cstackCOMMON 00070
?_getTime_ms                                   cstackCOMMON 00070
ADC_GetConversion@channel                      cstackCOMMON 00073
CalTemperture@NTC                              cstackBANK0  0004F
CalTemperture@NTC_Value                        cstackCOMMON 00078
CalTemperture@temp                             cstackBANK0  00051
EUSART_SetErrorHandler@interruptHandler        cstackCOMMON 00070
EUSART_SetFramingErrorHandler@interruptHandler cstackCOMMON 00070
EUSART_SetOverrunErrorHandler@interruptHandler cstackCOMMON 00070
SSD@num                                        cstackCOMMON 00073
SSD@xn                                         cstackCOMMON 00072
SSLED@nu                                       cstackCOMMON 00071
SSLED@xa                                       cstackCOMMON 00070
TMR0_SetInterruptHandler@InterruptHandler      cstackCOMMON 00070
_ADCON0                                        (abs)        0009D
_ADCON0bits                                    (abs)        0009D
_ADCON1                                        (abs)        0009E
_ADC_GetConversion                             text25       00E7C
_ADC_Initialize                                text22       00E31
_ADRESH                                        (abs)        0009C
_ADRESL                                        (abs)        0009B
_ANSELA                                        (abs)        0018C
_ANSELB                                        (abs)        0018D
_APFCON                                        (abs)        0011D
_BAUDCON                                       (abs)        0019F
_BORCON                                        (abs)        00116
_CalTemperture                                 text23       00FBE
_EUSART_DefaultErrorHandler                    (abs)        00000
_EUSART_DefaultFramingErrorHandler             (abs)        00000
_EUSART_DefaultOverrunErrorHandler             (abs)        00000
_EUSART_ErrorHandler                           nvBANK0      0005D
_EUSART_FramingErrorHandler                    nvBANK0      00061
_EUSART_Initialize                             text18       00ED2
_EUSART_OverrunErrorHandler                    nvBANK0      0005F
_EUSART_SetErrorHandler                        text21       00E06
_EUSART_SetFramingErrorHandler                 text20       00E0C
_EUSART_SetOverrunErrorHandler                 text19       00E12
_INTCONbits                                    (abs)        0000B
_INTERRUPT_InterruptManager                    intentry     00004
_LATA                                          (abs)        0010C
_LATAbits                                      (abs)        0010C
_LATB                                          (abs)        0010D
_LATC                                          (abs)        0010E
_LATCbits                                      (abs)        0010E
_LATE                                          (abs)        00110
_LED_DISABLE                                   text7        00E39
_OPTION_REG                                    (abs)        00095
_OPTION_REGbits                                (abs)        00095
_OSCCON                                        (abs)        00099
_OSCILLATOR_Initialize                         text17       00E2A
_OSCTUNE                                       (abs)        00098
_PIN_MANAGER_Initialize                        text16       00E97
_PIR1bits                                      (abs)        00011
_PORTBbits                                     (abs)        0000D
_RCREG                                         (abs)        00199
_RCSTA                                         (abs)        0019D
_RCSTAbits                                     (abs)        0019D
_SPBRGH                                        (abs)        0019C
_SPBRGL                                        (abs)        0019B
_SSD                                           text5        0002F
_SSLED                                         text6        00485
_SW1_Status                                    bssBANK0     00040
_SW2_LongPressTime                             dataBANK0    00045
_SW2_Status                                    bssBANK0     0003F
_SW3_LongPressTime                             dataBANK0    00041
_SW3_Status                                    bssBANK0     0003E
_SYSTEM_Initialize                             text12       00E69
_TMR0                                          (abs)        00015
_TMR0_ISR                                      text27       00E59
_TMR0_Initialize                               text14       007EC
_TMR0_InterruptHandler                         nvBANK0      00063
_TMR0_SetInterruptHandler                      text15       00E18
_TMR0_timerHandler                             text28       00EF4
_TRISA                                         (abs)        0008C
_TRISAbits                                     (abs)        0008C
_TRISB                                         (abs)        0008D
_TRISC                                         (abs)        0008E
_TRISCbits                                     (abs)        0008E
_TRISE                                         (abs)        00090
_TXREG                                         (abs)        0019A
_TXSTA                                         (abs)        0019E
_TXSTAbits                                     (abs)        0019E
_WDTCON                                        (abs)        00097
_WDT_Initialize                                text13       00E02
_WPUB                                          (abs)        0020D
_WPUE                                          (abs)        00210
__H__absolute__                                __absolute__ 00000
__Habs1                                        abs1         00000
__Hbank0                                       bank0        00000
__Hbank1                                       bank1        00000
__Hbank10                                      bank10       00000
__Hbank11                                      bank11       00000
__Hbank12                                      bank12       00000
__Hbank13                                      bank13       00000
__Hbank14                                      bank14       00000
__Hbank15                                      bank15       00000
__Hbank16                                      bank16       00000
__Hbank17                                      bank17       00000
__Hbank18                                      bank18       00000
__Hbank19                                      bank19       00000
__Hbank2                                       bank2        00000
__Hbank20                                      bank20       00000
__Hbank21                                      bank21       00000
__Hbank22                                      bank22       00000
__Hbank23                                      bank23       00000
__Hbank24                                      bank24       00000
__Hbank25                                      bank25       00000
__Hbank26                                      bank26       00000
__Hbank27                                      bank27       00000
__Hbank28                                      bank28       00000
__Hbank29                                      bank29       00000
__Hbank3                                       bank3        00000
__Hbank30                                      bank30       00000
__Hbank31                                      bank31       00000
__Hbank4                                       bank4        00000
__Hbank5                                       bank5        00000
__Hbank6                                       bank6        00000
__Hbank7                                       bank7        00000
__Hbank8                                       bank8        00000
__Hbank9                                       bank9        00000
__Hbigram                                      bigram       00000
__HbssBANK0                                    bssBANK0     00000
__HbssCOMMON                                   bssCOMMON    00000
__Hcinit                                       cinit        0002F
__Hclrtext                                     clrtext      00000
__Hcode                                        code         00000
__Hcommon                                      common       00000
__Hconfig                                      config       08009
__HcstackBANK0                                 cstackBANK0  00000
__HcstackCOMMON                                cstackCOMMON 00000
__HdataBANK0                                   dataBANK0    00000
__Heeprom_data                                 eeprom_data  00000
__Hend_init                                    end_init     00015
__Hfunctab                                     functab      00000
__Hheap                                        heap         00000
__HidataBANK0                                  idataBANK0   00000
__Hinit                                        init         00013
__Hinittext                                    inittext     00000
__Hintentry                                    intentry     00013
__Hmaintext                                    maintext     00000
__HnvBANK0                                     nvBANK0      00000
__Hpowerup                                     powerup      00000
__Hram                                         ram          00000
__Hreset_vec                                   reset_vec    00003
__Hsfr0                                        sfr0         00000
__Hsfr1                                        sfr1         00000
__Hsfr10                                       sfr10        00000
__Hsfr11                                       sfr11        00000
__Hsfr12                                       sfr12        00000
__Hsfr13                                       sfr13        00000
__Hsfr14                                       sfr14        00000
__Hsfr15                                       sfr15        00000
__Hsfr16                                       sfr16        00000
__Hsfr17                                       sfr17        00000
__Hsfr18                                       sfr18        00000
__Hsfr19                                       sfr19        00000
__Hsfr2                                        sfr2         00000
__Hsfr20                                       sfr20        00000
__Hsfr21                                       sfr21        00000
__Hsfr22                                       sfr22        00000
__Hsfr23                                       sfr23        00000
__Hsfr24                                       sfr24        00000
__Hsfr25                                       sfr25        00000
__Hsfr26                                       sfr26        00000
__Hsfr27                                       sfr27        00000
__Hsfr28                                       sfr28        00000
__Hsfr29                                       sfr29        00000
__Hsfr3                                        sfr3         00000
__Hsfr30                                       sfr30        00000
__Hsfr31                                       sfr31        00000
__Hsfr4                                        sfr4         00000
__Hsfr5                                        sfr5         00000
__Hsfr6                                        sfr6         00000
__Hsfr7                                        sfr7         00000
__Hsfr8                                        sfr8         00000
__Hsfr9                                        sfr9         00000
__Hsivt                                        sivt         00013
__Hspace_0                                     (abs)        01000
__Hspace_1                                     (abs)        0007E
__Hspace_2                                     (abs)        00000
__Hspace_3                                     (abs)        00000
__Hspace_4                                     (abs)        10010
__Hstack                                       stack        00000
__Hstrings                                     strings      00000
__Htext                                        text         00000
__L__absolute__                                __absolute__ 00000
__Labs1                                        abs1         00000
__Lbank0                                       bank0        00000
__Lbank1                                       bank1        00000
__Lbank10                                      bank10       00000
__Lbank11                                      bank11       00000
__Lbank12                                      bank12       00000
__Lbank13                                      bank13       00000
__Lbank14                                      bank14       00000
__Lbank15                                      bank15       00000
__Lbank16                                      bank16       00000
__Lbank17                                      bank17       00000
__Lbank18                                      bank18       00000
__Lbank19                                      bank19       00000
__Lbank2                                       bank2        00000
__Lbank20                                      bank20       00000
__Lbank21                                      bank21       00000
__Lbank22                                      bank22       00000
__Lbank23                                      bank23       00000
__Lbank24                                      bank24       00000
__Lbank25                                      bank25       00000
__Lbank26                                      bank26       00000
__Lbank27                                      bank27       00000
__Lbank28                                      bank28       00000
__Lbank29                                      bank29       00000
__Lbank3                                       bank3        00000
__Lbank30                                      bank30       00000
__Lbank31                                      bank31       00000
__Lbank4                                       bank4        00000
__Lbank5                                       bank5        00000
__Lbank6                                       bank6        00000
__Lbank7                                       bank7        00000
__Lbank8                                       bank8        00000
__Lbank9                                       bank9        00000
__Lbigram                                      bigram       00000
__LbssBANK0                                    bssBANK0     00000
__LbssCOMMON                                   bssCOMMON    00000
__Lcinit                                       cinit        00015
__Lclrtext                                     clrtext      00000
__Lcode                                        code         00000
__Lcommon                                      common       00000
__Lconfig                                      config       00000
__LcstackBANK0                                 cstackBANK0  00000
__LcstackCOMMON                                cstackCOMMON 00000
__LdataBANK0                                   dataBANK0    00000
__Leeprom_data                                 eeprom_data  00000
__Lend_init                                    end_init     00013
__Lfunctab                                     functab      00000
__Lheap                                        heap         00000
__LidataBANK0                                  idataBANK0   00000
__Linit                                        init         00013
__Linittext                                    inittext     00000
__Lintentry                                    intentry     00004
__Lmaintext                                    maintext     00000
__LnvBANK0                                     nvBANK0      00000
__Lpowerup                                     powerup      00000
__Lram                                         ram          00000
__Lreset_vec                                   reset_vec    00000
__Lsfr0                                        sfr0         00000
__Lsfr1                                        sfr1         00000
__Lsfr10                                       sfr10        00000
__Lsfr11                                       sfr11        00000
__Lsfr12                                       sfr12        00000
__Lsfr13                                       sfr13        00000
__Lsfr14                                       sfr14        00000
__Lsfr15                                       sfr15        00000
__Lsfr16                                       sfr16        00000
__Lsfr17                                       sfr17        00000
__Lsfr18                                       sfr18        00000
__Lsfr19                                       sfr19        00000
__Lsfr2                                        sfr2         00000
__Lsfr20                                       sfr20        00000
__Lsfr21                                       sfr21        00000
__Lsfr22                                       sfr22        00000
__Lsfr23                                       sfr23        00000
__Lsfr24                                       sfr24        00000
__Lsfr25                                       sfr25        00000
__Lsfr26                                       sfr26        00000
__Lsfr27                                       sfr27        00000
__Lsfr28                                       sfr28        00000
__Lsfr29                                       sfr29        00000
__Lsfr3                                        sfr3         00000
__Lsfr30                                       sfr30        00000
__Lsfr31                                       sfr31        00000
__Lsfr4                                        sfr4         00000
__Lsfr5                                        sfr5         00000
__Lsfr6                                        sfr6         00000
__Lsfr7                                        sfr7         00000
__Lsfr8                                        sfr8         00000
__Lsfr9                                        sfr9         00000
__Lsivt                                        sivt         00013
__Lspace_0                                     (abs)        00000
__Lspace_1                                     (abs)        00000
__Lspace_2                                     (abs)        00000
__Lspace_3                                     (abs)        00000
__Lspace_4                                     (abs)        00000
__Lstack                                       stack        00000
__Lstrings                                     strings      00000
__Ltext                                        text         00000
__S0                                           (abs)        01000
__S1                                           (abs)        0007E
__S3                                           (abs)        00000
___awdiv                                       text24       006E9
___awdiv@counter                               cstackCOMMON 00074
___awdiv@dividend                              cstackCOMMON 00072
___awdiv@divisor                               cstackCOMMON 00070
___awdiv@quotient                              cstackCOMMON 00076
___awdiv@sign                                  cstackCOMMON 00075
___awmod                                       text10       0079B
___awmod@counter                               cstackCOMMON 00074
___awmod@dividend                              cstackCOMMON 00072
___awmod@divisor                               cstackCOMMON 00070
___awmod@sign                                  cstackCOMMON 00075
___heap_hi                                     (abs)        00000
___heap_lo                                     (abs)        00000
___int_sp                                      stack        00000
___int_stack_hi                                stack        00000
___int_stack_lo                                stack        00000
___latbits                                     (abs)        00002
___lwdiv                                       text9        00F84
___lwdiv@counter                               cstackCOMMON 00076
___lwdiv@dividend                              cstackCOMMON 00072
___lwdiv@divisor                               cstackCOMMON 00070
___lwdiv@quotient                              cstackCOMMON 00074
___lwmod                                       text8        00F1E
___lwmod@counter                               cstackCOMMON 00074
___lwmod@dividend                              cstackCOMMON 00072
___lwmod@divisor                               cstackCOMMON 00070
___sp                                          stack        00000
___stack_hi                                    stack        00000
___stack_lo                                    stack        00000
___stackhi                                     (abs)        00000
___stacklo                                     (abs)        00000
__end_of_ADC_GetConversion                     text25       00E97
__end_of_ADC_Initialize                        text22       00E39
__end_of_CalTemperture                         text23       01000
__end_of_EUSART_Initialize                     text18       00EF4
__end_of_EUSART_SetErrorHandler                text21       00E0C
__end_of_EUSART_SetFramingErrorHandler         text20       00E12
__end_of_EUSART_SetOverrunErrorHandler         text19       00E18
__end_of_INTERRUPT_InterruptManager            intentry     00013
__end_of_LED_DISABLE                           text7        00E41
__end_of_OSCILLATOR_Initialize                 text17       00E31
__end_of_PIN_MANAGER_Initialize                text16       00EB2
__end_of_SSD                                   text5        002DD
__end_of_SSLED                                 text6        0061C
__end_of_SYSTEM_Initialize                     text12       00E7C
__end_of_TMR0_ISR                              text27       00E69
__end_of_TMR0_Initialize                       text14       00800
__end_of_TMR0_SetInterruptHandler              text15       00E1E
__end_of_TMR0_timerHandler                     text28       00F1E
__end_of_WDT_Initialize                        text13       00E06
__end_of___awdiv                               text24       00744
__end_of___awmod                               text10       007EC
__end_of___lwdiv                               text9        00FBE
__end_of___lwmod                               text8        00F50
__end_of__initialization                       cinit        0002B
__end_of_chkeckPressKeyNumber                  text11       00F84
__end_of_disp_7seg                             text4        00ED2
__end_of_disp_sub                              text3        0079B
__end_of_getTime_ms                            text2        00E4B
__end_of_keyDebounce                           text1        00485
__end_of_main                                  maintext     006E9
__initialization                               cinit        00015
__pbssBANK0                                    bssBANK0     00020
__pbssCOMMON                                   bssCOMMON    0007C
__pcstackBANK0                                 cstackBANK0  0004F
__pcstackCOMMON                                cstackCOMMON 00070
__pdataBANK0                                   dataBANK0    00041
__pidataBANK0                                  idataBANK0   00E4B
__pintentry                                    intentry     00004
__pmaintext                                    maintext     0061C
__pnvBANK0                                     nvBANK0      0005B
__ptext1                                       text1        002DD
__ptext10                                      text10       0079B
__ptext11                                      text11       00F50
__ptext12                                      text12       00E69
__ptext13                                      text13       00E02
__ptext14                                      text14       007EC
__ptext15                                      text15       00E18
__ptext16                                      text16       00E97
__ptext17                                      text17       00E2A
__ptext18                                      text18       00ED2
__ptext19                                      text19       00E12
__ptext2                                       text2        00E41
__ptext20                                      text20       00E0C
__ptext21                                      text21       00E06
__ptext22                                      text22       00E31
__ptext23                                      text23       00FBE
__ptext24                                      text24       006E9
__ptext25                                      text25       00E7C
__ptext27                                      text27       00E59
__ptext28                                      text28       00EF4
__ptext3                                       text3        00744
__ptext4                                       text4        00EB2
__ptext5                                       text5        0002F
__ptext6                                       text6        00485
__ptext7                                       text7        00E39
__ptext8                                       text8        00F1E
__ptext9                                       text9        00F84
_adc_result                                    nvBANK0      0005B
_chkeckPressKeyNumber                          text11       00F50
_disp_7seg                                     text4        00EB2
_disp_sub                                      text3        00744
_eusartRxLastError                             bssBANK0     0003D
_fKeyRelease_SW1                               dataBANK0    0004E
_fKeyRelease_SW2                               dataBANK0    0004D
_fKeyRelease_SW3                               dataBANK0    0004C
_fTooManyKeyPress                              bssBANK0     0003C
_getTime_ms                                    text2        00E41
_keyDebounce                                   text1        002DD
_longPressCurrentTime                          bssBANK0     00020
_main                                          maintext     0061C
_milliSeconds                                  bssBANK0     00030
_t1000ms                                       bssBANK0     00034
_t250ms                                        bssBANK0     00038
_t500ms                                        bssBANK0     00036
_tempCnt                                       bssCOMMON    0007C
_temperture                                    nvBANK0      00065
_timer0ReloadVal                               bssCOMMON    0007D
btemp                                          (abs)        0007E
chkeckPressKeyNumber@keyCnt                    cstackCOMMON 00070
clear_ram0                                     clrtext      00E1E
disp_7seg@char1                                cstackCOMMON 00076
disp_7seg@char2                                cstackCOMMON 00074
disp_7seg@char3                                cstackCOMMON 00075
disp_sub@disp_char                             cstackCOMMON 00077
disp_sub@disp_temp                             cstackBANK0  0004F
disp_sub@display_digital1                      cstackBANK0  00056
disp_sub@display_digital2                      cstackBANK0  00050
disp_sub@display_digital3                      cstackBANK0  00051
disp_sub@i                                     cstackBANK0  00054
disp_sub@temp                                  cstackBANK0  00052
end_of_initialization                          cinit        0002B
init_ram                                       inittext     00E24
int$flags                                      (abs)        0007E
intlevel0                                      functab      00000
intlevel1                                      functab      00000
intlevel2                                      functab      00000
intlevel3                                      functab      00000
intlevel4                                      functab      00000
intlevel5                                      functab      00000
keyDebounce@CurrentTime                        cstackBANK0  00052
keyDebounce@SW1_CurrentState                   cstackBANK0  0004F
keyDebounce@SW1_PreviousState                  dataBANK0    0004B
keyDebounce@SW1_PreviousTime                   bssBANK0     0002C
keyDebounce@SW2_CurrentState                   cstackBANK0  00050
keyDebounce@SW2_PreviousState                  dataBANK0    0004A
keyDebounce@SW2_PreviousTime                   bssBANK0     00028
keyDebounce@SW3_CurrentState                   cstackBANK0  00051
keyDebounce@SW3_PreviousState                  dataBANK0    00049
keyDebounce@SW3_PreviousTime                   bssBANK0     00024
reset_vec                                      reset_vec    00000
start                                          init         00013
start_initialization                           cinit        00015
wtemp0                                         (abs)        0007E


MODULE INFORMATION

Module		Function		Class		Link	Load	Size
mcc_generated_files/key/key.c
		_getTime_ms    		CODE           	0E41	0000	10
		_keyDebounce   		CODE           	02DD	0000	424

mcc_generated_files/key/key.c estimated size: 434

mcc_generated_files/interrupt_manager.c
		_INTERRUPT_InterruptManager		CODE           	0004	0000	15

mcc_generated_files/interrupt_manager.c estimated size: 15

mcc_generated_files/tmr0.c
		_TMR0_SetInterruptHandler		CODE           	0E18	0000	6
		_TMR0_ISR      		CODE           	0E59	0000	16
		_TMR0_Initialize		CODE           	07EC	0000	20

mcc_generated_files/tmr0.c estimated size: 42

mcc_generated_files/disp_7seg/disp_7seg.c
		_disp_7seg     		CODE           	0EB2	0000	32
		_disp_sub      		CODE           	0744	0000	87
		_LED_DISABLE   		CODE           	0E39	0000	8
		_SSLED         		CODE           	0485	0000	407
		_SSD           		CODE           	002F	0000	686

mcc_generated_files/disp_7seg/disp_7seg.c estimated size: 1220

mcc_generated_files/pin_manager.c
		_PIN_MANAGER_Initialize		CODE           	0E97	0000	27

mcc_generated_files/pin_manager.c estimated size: 27

mcc_generated_files/adc.c
		_ADC_Initialize		CODE           	0E31	0000	8
		_ADC_GetConversion		CODE           	0E7C	0000	27

mcc_generated_files/adc.c estimated size: 35

C:\Program Files\Microchip\xc8\v3.00\pic\sources\c99\common\lwmod.c
		___lwmod       		CODE           	0F1E	0000	50

C:\Program Files\Microchip\xc8\v3.00\pic\sources\c99\common\lwmod.c estimated size: 50

C:\Program Files\Microchip\xc8\v3.00\pic\sources\c99\common\awmod.c
		___awmod       		CODE           	079B	0000	81

C:\Program Files\Microchip\xc8\v3.00\pic\sources\c99\common\awmod.c estimated size: 81

shared
		__initialization		CODE           	0015	0000	22

shared estimated size: 22

mcc_generated_files/mcc.c
		_WDT_Initialize		CODE           	0E02	0000	4
		_OSCILLATOR_Initialize		CODE           	0E2A	0000	7
		_SYSTEM_Initialize		CODE           	0E69	0000	19

mcc_generated_files/mcc.c estimated size: 30

C:\Program Files\Microchip\xc8\v3.00\pic\sources\c99\common\lwdiv.c
		___lwdiv       		CODE           	0F84	0000	58

C:\Program Files\Microchip\xc8\v3.00\pic\sources\c99\common\lwdiv.c estimated size: 58

C:\Program Files\Microchip\xc8\v3.00\pic\sources\c99\common\awdiv.c
		___awdiv       		CODE           	06E9	0000	91

C:\Program Files\Microchip\xc8\v3.00\pic\sources\c99\common\awdiv.c estimated size: 91

mcc_generated_files/eusart.c
		_EUSART_Initialize		CODE           	0ED2	0000	34
		_EUSART_SetFramingErrorHandler		CODE           	0E0C	0000	6
		_EUSART_SetErrorHandler		CODE           	0E06	0000	6
		_EUSART_SetOverrunErrorHandler		CODE           	0E12	0000	6

mcc_generated_files/eusart.c estimated size: 52

main.c
		_chkeckPressKeyNumber		CODE           	0F50	0000	52
		_TMR0_timerHandler		CODE           	0EF4	0000	42
		_main          		CODE           	061C	0000	205
		_CalTemperture 		CODE           	0FBE	0000	66

main.c estimated size: 365

