Microchip MPLAB XC8 Compiler V3.00

Linker command line:

-W-3 \
  --edf=C:/Users/nbuser/.mchp_packs/Microchip/PIC12-16F1xxx_DFP/1.8.254/xc8\pic\dat\20250327143623_en.msgs \
  -cn -h+dist/default/production\TempControl.X.production.sym \
  --cmf=dist/default/production\TempControl.X.production.cmf -z -Q16F1936 \
  -oC:\Users\nbuser\AppData\Local\Temp\xcAsjn0.\driver_tmp_3.o \
  --defsym=__MPLAB_BUILD=1 --fixupoverflow=error \
  -Mdist/default/production/TempControl.X.production.map \
  --md=C:\Users\nbuser\AppData\Local\Temp\xcAsjn0.\driver_tmp_0.dat -E1 \
  -ver=XC8 Compiler -ACODE=00h-07FFhx4 -ASTRCODE=00h-01FFFh \
  -ASTRING=00h-0FFhx32 -ACONST=00h-0FFhx32 -AENTRY=00h-0FFhx32 \
  -ACOMMON=070h-07Fh -ABANK0=020h-06Fh -ABANK1=0A0h-0EFh \
  -ABANK2=0120h-016Fh -ABANK3=01A0h-01EFh -ABANK4=0220h-026Fh \
  -ABANK5=02A0h-02EFh -ABANK6=0320h-032Fh -ABIGRAM=02000h-021EFh \
  -ARAM=020h-06Fh,0A0h-0EFh,0120h-016Fh,01A0h-01EFh,0220h-026Fh,02A0h-02EFh,0320h-032Fh \
  -AABS1=020h-07Fh,0A0h-0EFh,0120h-016Fh,01A0h-01EFh,0220h-026Fh,02A0h-02EFh,0320h-032Fh \
  -ASFR0=00h-01Fh -ASFR1=080h-09Fh -ASFR2=0100h-011Fh -ASFR3=0180h-019Fh \
  -ASFR4=0200h-021Fh -ASFR5=0280h-029Fh -ASFR6=0300h-031Fh \
  -ASFR7=0380h-03EFh -ASFR8=0400h-046Fh -ASFR9=0480h-04EFh \
  -ASFR10=0500h-056Fh -ASFR11=0580h-05EFh -ASFR12=0600h-066Fh \
  -ASFR13=0680h-06EFh -ASFR14=0700h-076Fh -ASFR15=0780h-07EFh \
  -ASFR16=0800h-086Fh -ASFR17=0880h-08EFh -ASFR18=0900h-096Fh \
  -ASFR19=0980h-09EFh -ASFR20=0A00h-0A6Fh -ASFR21=0A80h-0AEFh \
  -ASFR22=0B00h-0B6Fh -ASFR23=0B80h-0BEFh -ASFR24=0C00h-0C6Fh \
  -ASFR25=0C80h-0CEFh -ASFR26=0D00h-0D6Fh -ASFR27=0D80h-0DEFh \
  -ASFR28=0E00h-0E6Fh -ASFR29=0E80h-0EEFh -ASFR30=0F00h-0F6Fh \
  -ASFR31=0F80h-0FEFh -ACONFIG=08007h-08008h -DCONFIG=2 \
  -AIDLOC=08000h-08003h -DIDLOC=2 -AEEDATA=00h-0FFh/0F000h \
  -peeprom_data=EEDATA -DEEDATA=2 -DCODE=2 -DSTRCODE=2 -DSTRING=2 -DCONST=2 \
  -DENTRY=2 -preset_vec=00h,intentry=04h,sivt,init,end_init -ppowerup=CODE \
  -pcinit=CODE -pfunctab=ENTRY -k \
  C:\Users\nbuser\AppData\Local\Temp\xcAsjn0.\driver_tmp_15.o \
  dist/default/production\TempControl.X.production.o 

Object code version is 3.11

Machine type is 16F1936



                Name                               Link     Load   Length Selector   Space Scale
C:\Users\nbuser\AppData\Local\Temp\xcAsjn0.\driver_tmp_15.o
                end_init                             13       13        2        8       0
                reset_vec                             0        0        2        0       0
                config                             8007     8007        2        0       4
dist/default/production\TempControl.X.production.o
                cinit                                15       15       24        8       0
                intentry                              4        4        F        8       0
                config                             8007     8007        2        0       4
                text34                              C1B      C1B       37     1836       0
                text33                              AEE      AEE       10     15DC       0
                text31                              ACA      ACA        8     1594       0
                text30                              A9F      A9F        6     153E       0
                text29                              AA5      AA5        6     154A       0
                text28                              AAB      AAB        6     1556       0
                text27                              B9A      B9A       22     1734       0
                text26                              AC3      AC3        7     1586       0
                text25                              B25      B25       1B     164A       0
                text24                              AB1      AB1        6     1562       0
                text23                              B11      B11       14     1622       0
                text22                              A9B      A9B        4     1536       0
                text21                              AFE      AFE       13     15FC       0
                text20                              B5B      B5B       1F     16B6       0
                text19                              CCE      CCE       48     199C       0
                text18                              D16      D16       48     1A2C       0
                text17                              DA6      DA6       51     1B4C       0
                text16                              C52      C52       3A     18A4       0
                text15                              BE9      BE9       32     17D2       0
                text14                              AD2      AD2        8     15A4       0
                text13                              48F      48F      197        8       0
                text12                               39       39      2AE        8       0
                text11                              B7A      B7A       20     16F4       0
                text10                              DF7      DF7       57     1BEE       0
                text9                               7F5      7F5        A      FEA       0
                text8                               EA9      EA9       94     1D52       0
                text7                               2E7      2E7      1A8        8       0
                text6                               626      626      105        8       0
                text5                               F3D      F3D       C3     1E7A       0
                text4                               B40      B40       1B     1680       0
                text3                               E4E      E4E       5B     1C9C       0
                text2                               C8C      C8C       42     1918       0
                text1                               BBC      BBC       2D     1778       0
                maintext                            D5E      D5E       48     1ABC       0
                cstackBANK0                          50       50       12       20       1
                cstackCOMMON                         70       70        E       70       1
                clrtext                             AB7      AB7        6     156E       0
                inittext                            ABD      ABD        6     157A       0
                dataBANK1                            A0       A0        8       A0       1
                dataBANK0                            62       62        C       20       1
                bssBANK0                             20       20       30       20       1
                nvBANK1                              A8       A8        6       A0       1
                nvBANK0                              6E       6E        2       20       1
                stringtext1                         72B      72B       CA      E56       0
                idataBANK1                          ADA      ADA        8     15B4       0
                idataBANK0                          AE2      AE2        C     15C4       0

TOTAL           Name                               Link     Load   Length     Space
        CLASS   CODE           
                end_init                             13       13        2         0
                cinit                                15       15       24         0
                intentry                              4        4        F         0
                reset_vec                             0        0        2         0
                text34                              C1B      C1B       37         0
                text33                              AEE      AEE       10         0
                text31                              ACA      ACA        8         0
                text30                              A9F      A9F        6         0
                text29                              AA5      AA5        6         0
                text28                              AAB      AAB        6         0
                text27                              B9A      B9A       22         0
                text26                              AC3      AC3        7         0
                text25                              B25      B25       1B         0
                text24                              AB1      AB1        6         0
                text23                              B11      B11       14         0
                text22                              A9B      A9B        4         0
                text21                              AFE      AFE       13         0
                text20                              B5B      B5B       1F         0
                text19                              CCE      CCE       48         0
                text18                              D16      D16       48         0
                text17                              DA6      DA6       51         0
                text16                              C52      C52       3A         0
                text15                              BE9      BE9       32         0
                text14                              AD2      AD2        8         0
                text13                              48F      48F      197         0
                text12                               39       39      2AE         0
                text11                              B7A      B7A       20         0
                text10                              DF7      DF7       57         0
                text9                               7F5      7F5        A         0
                text8                               EA9      EA9       94         0
                text7                               2E7      2E7      1A8         0
                text6                               626      626      105         0
                text5                               F3D      F3D       C3         0
                text4                               B40      B40       1B         0
                text3                               E4E      E4E       5B         0
                text2                               C8C      C8C       42         0
                text1                               BBC      BBC       2D         0
                maintext                            D5E      D5E       48         0
                clrtext                             AB7      AB7        6         0
                inittext                            ABD      ABD        6         0
                idataBANK1                          ADA      ADA        8         0
                idataBANK0                          AE2      AE2        C         0

        CLASS   STRCODE        
                stringtext1                         72B      72B       CA         0

        CLASS   STRING         

        CLASS   CONST          

        CLASS   ENTRY          

        CLASS   COMMON         
                cstackCOMMON                         70       70        E         1

        CLASS   BANK0          
                cstackBANK0                          50       50       12         1
                dataBANK0                            62       62        C         1
                bssBANK0                             20       20       30         1
                nvBANK0                              6E       6E        2         1

        CLASS   BANK1          
                dataBANK1                            A0       A0        8         1
                nvBANK1                              A8       A8        6         1

        CLASS   BANK2          

        CLASS   BANK3          

        CLASS   BANK4          

        CLASS   BANK5          

        CLASS   BANK6          

        CLASS   BIGRAM         

        CLASS   RAM            

        CLASS   ABS1           
                abs_s1                               7E       7E        2         1

        CLASS   SFR0           

        CLASS   SFR1           

        CLASS   SFR2           

        CLASS   SFR3           

        CLASS   SFR4           

        CLASS   SFR5           

        CLASS   SFR6           

        CLASS   SFR7           

        CLASS   SFR8           

        CLASS   SFR9           

        CLASS   SFR10          

        CLASS   SFR11          

        CLASS   SFR12          

        CLASS   SFR13          

        CLASS   SFR14          

        CLASS   SFR15          

        CLASS   SFR16          

        CLASS   SFR17          

        CLASS   SFR18          

        CLASS   SFR19          

        CLASS   SFR20          

        CLASS   SFR21          

        CLASS   SFR22          

        CLASS   SFR23          

        CLASS   SFR24          

        CLASS   SFR25          

        CLASS   SFR26          

        CLASS   SFR27          

        CLASS   SFR28          

        CLASS   SFR29          

        CLASS   SFR30          

        CLASS   SFR31          

        CLASS   CONFIG         
                config                             8007     8007        2         4

        CLASS   IDLOC          

        CLASS   EEDATA         

        CLASS   BANK31         

        CLASS   BANK30         

        CLASS   BANK29         

        CLASS   BANK28         

        CLASS   BANK27         

        CLASS   BANK26         

        CLASS   BANK25         

        CLASS   BANK24         

        CLASS   BANK23         

        CLASS   BANK22         

        CLASS   BANK21         

        CLASS   BANK20         

        CLASS   BANK19         

        CLASS   BANK18         

        CLASS   BANK17         

        CLASS   BANK16         

        CLASS   BANK15         

        CLASS   BANK14         

        CLASS   BANK13         

        CLASS   BANK12         

        CLASS   BANK11         

        CLASS   BANK10         

        CLASS   BANK9          

        CLASS   BANK8          

        CLASS   BANK7          

        CLASS   HEAP           

        CLASS   STACK          



SEGMENTS        Name                           Load    Length   Top    Selector   Space  Class     Delta

                reset_vec                      000000  000002  000002         0       0  CODE        2
                intentry                       000004  000727  00072B         8       0  CODE        2
                bssBANK0                       000020  000050  000070        20       1  BANK0       1
                cstackCOMMON                   000070  00000E  00007E        70       1  COMMON      1
                dataBANK1                      0000A0  00000E  0000AE        A0       1  BANK1       1
                stringtext1                    00072B  0000CA  0007F5       E56       0  STRCODE     2
                text9                          0007F5  00000A  0007FF       FEA       0  CODE        2
                text22                         000A9B  000004  000A9F      1536       0  CODE        2
                text30                         000A9F  000006  000AA5      153E       0  CODE        2
                text29                         000AA5  000006  000AAB      154A       0  CODE        2
                text28                         000AAB  000006  000AB1      1556       0  CODE        2
                text24                         000AB1  000006  000AB7      1562       0  CODE        2
                clrtext                        000AB7  000006  000ABD      156E       0  CODE        2
                inittext                       000ABD  000006  000AC3      157A       0  CODE        2
                text26                         000AC3  000007  000ACA      1586       0  CODE        2
                text31                         000ACA  000008  000AD2      1594       0  CODE        2
                text14                         000AD2  000008  000ADA      15A4       0  CODE        2
                idataBANK1                     000ADA  000008  000AE2      15B4       0  CODE        2
                idataBANK0                     000AE2  00000C  000AEE      15C4       0  CODE        2
                text33                         000AEE  000010  000AFE      15DC       0  CODE        2
                text21                         000AFE  000013  000B11      15FC       0  CODE        2
                text23                         000B11  000014  000B25      1622       0  CODE        2
                text25                         000B25  00001B  000B40      164A       0  CODE        2
                text4                          000B40  00001B  000B5B      1680       0  CODE        2
                text20                         000B5B  00001F  000B7A      16B6       0  CODE        2
                text11                         000B7A  000020  000B9A      16F4       0  CODE        2
                text27                         000B9A  000022  000BBC      1734       0  CODE        2
                text1                          000BBC  00002D  000BE9      1778       0  CODE        2
                text15                         000BE9  000032  000C1B      17D2       0  CODE        2
                text34                         000C1B  000037  000C52      1836       0  CODE        2
                text16                         000C52  00003A  000C8C      18A4       0  CODE        2
                text2                          000C8C  000042  000CCE      1918       0  CODE        2
                text19                         000CCE  000048  000D16      199C       0  CODE        2
                text18                         000D16  000048  000D5E      1A2C       0  CODE        2
                maintext                       000D5E  000048  000DA6      1ABC       0  CODE        2
                text17                         000DA6  000051  000DF7      1B4C       0  CODE        2
                text10                         000DF7  000057  000E4E      1BEE       0  CODE        2
                text3                          000E4E  00005B  000EA9      1C9C       0  CODE        2
                text8                          000EA9  000094  000F3D      1D52       0  CODE        2
                text5                          000F3D  0000C3  001000      1E7A       0  CODE        2


UNUSED ADDRESS RANGES

        Name                Unused          Largest block    Delta
        BANK1            000AE-000EF              42           1
        BANK2            00120-0016F              50           1
        BANK3            001A0-001EF              50           1
        BANK4            00220-0026F              50           1
        BANK5            002A0-002EF              50           1
        BANK6            00320-0032F              10           1
        BIGRAM           02000-021EF             1F0           1
        CODE             00002-00003               2           2
                         007FF-00A9A               1
                         01000-01FFF             800
        CONST            00002-00003               2           2
                         007FF-00A9A             100
                         01000-01FFF             100
        EEDATA           0F000-0F0FF             100           2
        ENTRY            00002-00003               2           2
                         007FF-00A9A             100
                         01000-01FFF             100
        IDLOC            08000-08003               4           2
        RAM              000AE-000EF              42           1
                         00120-0016F              50
                         001A0-001EF              50
                         00220-0026F              50
                         002A0-002EF              50
                         00320-0032F              10
        SFR0             00000-0001F              20           1
        SFR1             00080-0009F              20           1
        SFR10            00500-0056F              70           1
        SFR11            00580-005EF              70           1
        SFR12            00600-0066F              70           1
        SFR13            00680-006EF              70           1
        SFR14            00700-0076F              70           1
        SFR15            00780-007EF              70           1
        SFR16            00800-0086F              70           1
        SFR17            00880-008EF              70           1
        SFR18            00900-0096F              70           1
        SFR19            00980-009EF              70           1
        SFR2             00100-0011F              20           1
        SFR20            00A00-00A6F              70           1
        SFR21            00A80-00AEF              70           1
        SFR22            00B00-00B6F              70           1
        SFR23            00B80-00BEF              70           1
        SFR24            00C00-00C6F              70           1
        SFR25            00C80-00CEF              70           1
        SFR26            00D00-00D6F              70           1
        SFR27            00D80-00DEF              70           1
        SFR28            00E00-00E6F              70           1
        SFR29            00E80-00EEF              70           1
        SFR3             00180-0019F              20           1
        SFR30            00F00-00F6F              70           1
        SFR31            00F80-00FEF              70           1
        SFR4             00200-0021F              20           1
        SFR5             00280-0029F              20           1
        SFR6             00300-0031F              20           1
        SFR7             00380-003EF              70           1
        SFR8             00400-0046F              70           1
        SFR9             00480-004EF              70           1
        STRCODE          00002-00003               2           2
                         007FF-00A9A             29C
                         01000-01FFF            1000
        STRING           00002-00003               2           2
                         007FF-00A9A             100
                         01000-01FFF             100

                                  Symbol Table

?_ADC2Temperature                              cstackBANK0  00050
?_ADC_GetConversion                            cstackCOMMON 00070
?___awdiv                                      cstackCOMMON 00070
?___awmod                                      cstackCOMMON 00070
?___lwdiv                                      cstackCOMMON 00076
?___lwmod                                      cstackCOMMON 00070
?___wmul                                       cstackCOMMON 00070
?_getTime_ms                                   cstackCOMMON 00070
ADC2Temperature@Temp_TH                        cstackBANK0  0005C
ADC2Temperature@array_size                     cstackBANK0  0005E
ADC2Temperature@difC                           cstackBANK0  00058
ADC2Temperature@i                              cstackBANK0  00060
ADC2Temperature@j                              cstackBANK0  0005A
ADC2Temperature@result_TH                      cstackBANK0  00050
ADC_GetConversion@channel                      cstackCOMMON 00073
CalTemperture@NTC                              cstackBANK0  00050
CalTemperture@NTC_Value                        cstackCOMMON 00078
CalTemperture@temp                             cstackBANK0  00052
EUSART_SetErrorHandler@interruptHandler        cstackCOMMON 00070
EUSART_SetFramingErrorHandler@interruptHandler cstackCOMMON 00070
EUSART_SetOverrunErrorHandler@interruptHandler cstackCOMMON 00070
SSD@num                                        cstackCOMMON 00073
SSD@xn                                         cstackCOMMON 00072
SSLED@nu                                       cstackCOMMON 00071
SSLED@xa                                       cstackCOMMON 00070
TMR0_SetInterruptHandler@InterruptHandler      cstackCOMMON 00070
_ADC2Temperature                               text5        00F3D
_ADCON0                                        (abs)        0009D
_ADCON0bits                                    (abs)        0009D
_ADCON1                                        (abs)        0009E
_ADC_GetConversion                             text4        00B40
_ADC_Initialize                                text31       00ACA
_ADRESH                                        (abs)        0009C
_ADRESL                                        (abs)        0009B
_ANSELA                                        (abs)        0018C
_ANSELB                                        (abs)        0018D
_APFCON                                        (abs)        0011D
_BAUDCON                                       (abs)        0019F
_BORCON                                        (abs)        00116
_CalTemperture                                 text2        00C8C
_EUSART_DefaultErrorHandler                    (abs)        00000
_EUSART_DefaultFramingErrorHandler             (abs)        00000
_EUSART_DefaultOverrunErrorHandler             (abs)        00000
_EUSART_ErrorHandler                           nvBANK1      000A8
_EUSART_FramingErrorHandler                    nvBANK1      000AC
_EUSART_Initialize                             text27       00B9A
_EUSART_OverrunErrorHandler                    nvBANK1      000AA
_EUSART_SetErrorHandler                        text30       00A9F
_EUSART_SetFramingErrorHandler                 text29       00AA5
_EUSART_SetOverrunErrorHandler                 text28       00AAB
_INTCONbits                                    (abs)        0000B
_INTERRUPT_InterruptManager                    intentry     00004
_LATA                                          (abs)        0010C
_LATAbits                                      (abs)        0010C
_LATB                                          (abs)        0010D
_LATC                                          (abs)        0010E
_LATCbits                                      (abs)        0010E
_LATE                                          (abs)        00110
_LED_DISABLE                                   text14       00AD2
_OPTION_REG                                    (abs)        00095
_OPTION_REGbits                                (abs)        00095
_OSCCON                                        (abs)        00099
_OSCILLATOR_Initialize                         text26       00AC3
_OSCTUNE                                       (abs)        00098
_PIN_MANAGER_Initialize                        text25       00B25
_PIR1bits                                      (abs)        00011
_PORTBbits                                     (abs)        0000D
_RCREG                                         (abs)        00199
_RCSTA                                         (abs)        0019D
_RCSTAbits                                     (abs)        0019D
_SPBRGH                                        (abs)        0019C
_SPBRGL                                        (abs)        0019B
_SSD                                           text12       00039
_SSLED                                         text13       0048F
_SW1_Status                                    bssBANK0     0004E
_SW2_LongPressTime                             dataBANK0    00062
_SW2_Status                                    bssBANK0     0004D
_SW3_LongPressTime                             dataBANK1    000A4
_SW3_Status                                    bssBANK0     0004C
_SYSTEM_Initialize                             text21       00AFE
_TEMPERATURE_TAB                               stringtext1  0072B
_TMR0                                          (abs)        00015
_TMR0_ISR                                      text33       00AEE
_TMR0_Initialize                               text23       00B11
_TMR0_InterruptHandler                         nvBANK0      0006E
_TMR0_SetInterruptHandler                      text24       00AB1
_TMR0_timerHandler                             text34       00C1B
_TRISA                                         (abs)        0008C
_TRISAbits                                     (abs)        0008C
_TRISB                                         (abs)        0008D
_TRISC                                         (abs)        0008E
_TRISCbits                                     (abs)        0008E
_TRISE                                         (abs)        00090
_TXREG                                         (abs)        0019A
_TXSTA                                         (abs)        0019E
_TXSTAbits                                     (abs)        0019E
_WDTCON                                        (abs)        00097
_WDT_Initialize                                text22       00A9B
_WPUB                                          (abs)        0020D
_WPUE                                          (abs)        00210
__H__absolute__                                __absolute__ 00000
__Habs1                                        abs1         00000
__Hbank0                                       bank0        00000
__Hbank1                                       bank1        00000
__Hbank10                                      bank10       00000
__Hbank11                                      bank11       00000
__Hbank12                                      bank12       00000
__Hbank13                                      bank13       00000
__Hbank14                                      bank14       00000
__Hbank15                                      bank15       00000
__Hbank16                                      bank16       00000
__Hbank17                                      bank17       00000
__Hbank18                                      bank18       00000
__Hbank19                                      bank19       00000
__Hbank2                                       bank2        00000
__Hbank20                                      bank20       00000
__Hbank21                                      bank21       00000
__Hbank22                                      bank22       00000
__Hbank23                                      bank23       00000
__Hbank24                                      bank24       00000
__Hbank25                                      bank25       00000
__Hbank26                                      bank26       00000
__Hbank27                                      bank27       00000
__Hbank28                                      bank28       00000
__Hbank29                                      bank29       00000
__Hbank3                                       bank3        00000
__Hbank30                                      bank30       00000
__Hbank31                                      bank31       00000
__Hbank4                                       bank4        00000
__Hbank5                                       bank5        00000
__Hbank6                                       bank6        00000
__Hbank7                                       bank7        00000
__Hbank8                                       bank8        00000
__Hbank9                                       bank9        00000
__Hbigram                                      bigram       00000
__HbssBANK0                                    bssBANK0     00000
__Hcinit                                       cinit        00039
__Hclrtext                                     clrtext      00000
__Hcode                                        code         00000
__Hcommon                                      common       00000
__Hconfig                                      config       08009
__HcstackBANK0                                 cstackBANK0  00000
__HcstackCOMMON                                cstackCOMMON 00000
__HdataBANK0                                   dataBANK0    00000
__HdataBANK1                                   dataBANK1    00000
__Heeprom_data                                 eeprom_data  00000
__Hend_init                                    end_init     00015
__Hfunctab                                     functab      00000
__Hheap                                        heap         00000
__HidataBANK0                                  idataBANK0   00000
__HidataBANK1                                  idataBANK1   00000
__Hinit                                        init         00013
__Hinittext                                    inittext     00000
__Hintentry                                    intentry     00013
__Hmaintext                                    maintext     00000
__HnvBANK0                                     nvBANK0      00000
__HnvBANK1                                     nvBANK1      00000
__Hpowerup                                     powerup      00000
__Hram                                         ram          00000
__Hreset_vec                                   reset_vec    00002
__Hsfr0                                        sfr0         00000
__Hsfr1                                        sfr1         00000
__Hsfr10                                       sfr10        00000
__Hsfr11                                       sfr11        00000
__Hsfr12                                       sfr12        00000
__Hsfr13                                       sfr13        00000
__Hsfr14                                       sfr14        00000
__Hsfr15                                       sfr15        00000
__Hsfr16                                       sfr16        00000
__Hsfr17                                       sfr17        00000
__Hsfr18                                       sfr18        00000
__Hsfr19                                       sfr19        00000
__Hsfr2                                        sfr2         00000
__Hsfr20                                       sfr20        00000
__Hsfr21                                       sfr21        00000
__Hsfr22                                       sfr22        00000
__Hsfr23                                       sfr23        00000
__Hsfr24                                       sfr24        00000
__Hsfr25                                       sfr25        00000
__Hsfr26                                       sfr26        00000
__Hsfr27                                       sfr27        00000
__Hsfr28                                       sfr28        00000
__Hsfr29                                       sfr29        00000
__Hsfr3                                        sfr3         00000
__Hsfr30                                       sfr30        00000
__Hsfr31                                       sfr31        00000
__Hsfr4                                        sfr4         00000
__Hsfr5                                        sfr5         00000
__Hsfr6                                        sfr6         00000
__Hsfr7                                        sfr7         00000
__Hsfr8                                        sfr8         00000
__Hsfr9                                        sfr9         00000
__Hsivt                                        sivt         00013
__Hspace_0                                     (abs)        01000
__Hspace_1                                     (abs)        000AE
__Hspace_2                                     (abs)        00000
__Hspace_3                                     (abs)        00000
__Hspace_4                                     (abs)        10010
__Hstack                                       stack        00000
__Hstrings                                     strings      00000
__Hstringtext1                                 stringtext1  00000
__Htext                                        text         00000
__L__absolute__                                __absolute__ 00000
__Labs1                                        abs1         00000
__Lbank0                                       bank0        00000
__Lbank1                                       bank1        00000
__Lbank10                                      bank10       00000
__Lbank11                                      bank11       00000
__Lbank12                                      bank12       00000
__Lbank13                                      bank13       00000
__Lbank14                                      bank14       00000
__Lbank15                                      bank15       00000
__Lbank16                                      bank16       00000
__Lbank17                                      bank17       00000
__Lbank18                                      bank18       00000
__Lbank19                                      bank19       00000
__Lbank2                                       bank2        00000
__Lbank20                                      bank20       00000
__Lbank21                                      bank21       00000
__Lbank22                                      bank22       00000
__Lbank23                                      bank23       00000
__Lbank24                                      bank24       00000
__Lbank25                                      bank25       00000
__Lbank26                                      bank26       00000
__Lbank27                                      bank27       00000
__Lbank28                                      bank28       00000
__Lbank29                                      bank29       00000
__Lbank3                                       bank3        00000
__Lbank30                                      bank30       00000
__Lbank31                                      bank31       00000
__Lbank4                                       bank4        00000
__Lbank5                                       bank5        00000
__Lbank6                                       bank6        00000
__Lbank7                                       bank7        00000
__Lbank8                                       bank8        00000
__Lbank9                                       bank9        00000
__Lbigram                                      bigram       00000
__LbssBANK0                                    bssBANK0     00000
__Lcinit                                       cinit        00015
__Lclrtext                                     clrtext      00000
__Lcode                                        code         00000
__Lcommon                                      common       00000
__Lconfig                                      config       00000
__LcstackBANK0                                 cstackBANK0  00000
__LcstackCOMMON                                cstackCOMMON 00000
__LdataBANK0                                   dataBANK0    00000
__LdataBANK1                                   dataBANK1    00000
__Leeprom_data                                 eeprom_data  00000
__Lend_init                                    end_init     00013
__Lfunctab                                     functab      00000
__Lheap                                        heap         00000
__LidataBANK0                                  idataBANK0   00000
__LidataBANK1                                  idataBANK1   00000
__Linit                                        init         00013
__Linittext                                    inittext     00000
__Lintentry                                    intentry     00004
__Lmaintext                                    maintext     00000
__LnvBANK0                                     nvBANK0      00000
__LnvBANK1                                     nvBANK1      00000
__Lpowerup                                     powerup      00000
__Lram                                         ram          00000
__Lreset_vec                                   reset_vec    00000
__Lsfr0                                        sfr0         00000
__Lsfr1                                        sfr1         00000
__Lsfr10                                       sfr10        00000
__Lsfr11                                       sfr11        00000
__Lsfr12                                       sfr12        00000
__Lsfr13                                       sfr13        00000
__Lsfr14                                       sfr14        00000
__Lsfr15                                       sfr15        00000
__Lsfr16                                       sfr16        00000
__Lsfr17                                       sfr17        00000
__Lsfr18                                       sfr18        00000
__Lsfr19                                       sfr19        00000
__Lsfr2                                        sfr2         00000
__Lsfr20                                       sfr20        00000
__Lsfr21                                       sfr21        00000
__Lsfr22                                       sfr22        00000
__Lsfr23                                       sfr23        00000
__Lsfr24                                       sfr24        00000
__Lsfr25                                       sfr25        00000
__Lsfr26                                       sfr26        00000
__Lsfr27                                       sfr27        00000
__Lsfr28                                       sfr28        00000
__Lsfr29                                       sfr29        00000
__Lsfr3                                        sfr3         00000
__Lsfr30                                       sfr30        00000
__Lsfr31                                       sfr31        00000
__Lsfr4                                        sfr4         00000
__Lsfr5                                        sfr5         00000
__Lsfr6                                        sfr6         00000
__Lsfr7                                        sfr7         00000
__Lsfr8                                        sfr8         00000
__Lsfr9                                        sfr9         00000
__Lsivt                                        sivt         00013
__Lspace_0                                     (abs)        00000
__Lspace_1                                     (abs)        00000
__Lspace_2                                     (abs)        00000
__Lspace_3                                     (abs)        00000
__Lspace_4                                     (abs)        00000
__Lstack                                       stack        00000
__Lstrings                                     strings      00000
__Lstringtext1                                 stringtext1  00000
__Ltext                                        text         00000
__S0                                           (abs)        01000
__S1                                           (abs)        000AE
__S3                                           (abs)        00000
___awdiv                                       text3        00E4E
___awdiv@counter                               cstackCOMMON 00074
___awdiv@dividend                              cstackCOMMON 00072
___awdiv@divisor                               cstackCOMMON 00070
___awdiv@quotient                              cstackCOMMON 00076
___awdiv@sign                                  cstackCOMMON 00075
___awmod                                       text17       00DA6
___awmod@counter                               cstackCOMMON 00074
___awmod@dividend                              cstackCOMMON 00072
___awmod@divisor                               cstackCOMMON 00070
___awmod@sign                                  cstackCOMMON 00075
___heap_hi                                     (abs)        00000
___heap_lo                                     (abs)        00000
___int_sp                                      stack        00000
___int_stack_hi                                stack        00000
___int_stack_lo                                stack        00000
___latbits                                     (abs)        00002
___lwdiv                                       text16       00C52
___lwdiv@counter                               cstackCOMMON 0007C
___lwdiv@dividend                              cstackCOMMON 00078
___lwdiv@divisor                               cstackCOMMON 00076
___lwdiv@quotient                              cstackCOMMON 0007A
___lwmod                                       text15       00BE9
___lwmod@counter                               cstackCOMMON 00074
___lwmod@dividend                              cstackCOMMON 00072
___lwmod@divisor                               cstackCOMMON 00070
___sp                                          stack        00000
___stack_hi                                    stack        00000
___stack_lo                                    stack        00000
___stackhi                                     (abs)        00000
___stacklo                                     (abs)        00000
___wmul                                        text20       00B5B
___wmul@multiplicand                           cstackCOMMON 00072
___wmul@multiplier                             cstackCOMMON 00070
___wmul@product                                cstackCOMMON 00074
__end_of_ADC2Temperature                       text5        01000
__end_of_ADC_GetConversion                     text4        00B5B
__end_of_ADC_Initialize                        text31       00AD2
__end_of_CalTemperture                         text2        00CCE
__end_of_EUSART_Initialize                     text27       00BBC
__end_of_EUSART_SetErrorHandler                text30       00AA5
__end_of_EUSART_SetFramingErrorHandler         text29       00AAB
__end_of_EUSART_SetOverrunErrorHandler         text28       00AB1
__end_of_INTERRUPT_InterruptManager            intentry     00013
__end_of_LED_DISABLE                           text14       00ADA
__end_of_OSCILLATOR_Initialize                 text26       00ACA
__end_of_PIN_MANAGER_Initialize                text25       00B40
__end_of_SSD                                   text12       002E7
__end_of_SSLED                                 text13       00626
__end_of_SYSTEM_Initialize                     text21       00B11
__end_of_TEMPERATURE_TAB                       stringtext1  007F5
__end_of_TMR0_ISR                              text33       00AFE
__end_of_TMR0_Initialize                       text23       00B25
__end_of_TMR0_SetInterruptHandler              text24       00AB7
__end_of_TMR0_timerHandler                     text34       00C52
__end_of_WDT_Initialize                        text22       00A9F
__end_of___awdiv                               text3        00EA9
__end_of___awmod                               text17       00DF7
__end_of___lwdiv                               text16       00C8C
__end_of___lwmod                               text15       00C1B
__end_of___wmul                                text20       00B7A
__end_of__initialization                       cinit        00035
__end_of_checkTemperature_SET1                 text19       00D16
__end_of_checkTemperature_SET2                 text18       00D5E
__end_of_chkeckPressKeyNumber                  text8        00F3D
__end_of_disp_7seg                             text11       00B9A
__end_of_disp_sub                              text10       00E4E
__end_of_getKeyStatus                          text6        0072B
__end_of_getTemperature                        text1        00BE9
__end_of_getTime_ms                            text9        007FF
__end_of_keyDebounce                           text7        0048F
__end_of_main                                  maintext     00DA6
__initialization                               cinit        00015
__pbssBANK0                                    bssBANK0     00020
__pcstackBANK0                                 cstackBANK0  00050
__pcstackCOMMON                                cstackCOMMON 00070
__pdataBANK0                                   dataBANK0    00062
__pdataBANK1                                   dataBANK1    000A0
__pidataBANK0                                  idataBANK0   00AE2
__pidataBANK1                                  idataBANK1   00ADA
__pintentry                                    intentry     00004
__pmaintext                                    maintext     00D5E
__pnvBANK0                                     nvBANK0      0006E
__pnvBANK1                                     nvBANK1      000A8
__pstringtext1                                 stringtext1  0072B
__ptext1                                       text1        00BBC
__ptext10                                      text10       00DF7
__ptext11                                      text11       00B7A
__ptext12                                      text12       00039
__ptext13                                      text13       0048F
__ptext14                                      text14       00AD2
__ptext15                                      text15       00BE9
__ptext16                                      text16       00C52
__ptext17                                      text17       00DA6
__ptext18                                      text18       00D16
__ptext19                                      text19       00CCE
__ptext2                                       text2        00C8C
__ptext20                                      text20       00B5B
__ptext21                                      text21       00AFE
__ptext22                                      text22       00A9B
__ptext23                                      text23       00B11
__ptext24                                      text24       00AB1
__ptext25                                      text25       00B25
__ptext26                                      text26       00AC3
__ptext27                                      text27       00B9A
__ptext28                                      text28       00AAB
__ptext29                                      text29       00AA5
__ptext3                                       text3        00E4E
__ptext30                                      text30       00A9F
__ptext31                                      text31       00ACA
__ptext33                                      text33       00AEE
__ptext34                                      text34       00C1B
__ptext4                                       text4        00B40
__ptext5                                       text5        00F3D
__ptext6                                       text6        00626
__ptext7                                       text7        002E7
__ptext8                                       text8        00EA9
__ptext9                                       text9        007F5
_adc_result                                    bssBANK0     0003E
_checkTemperature_SET1                         text19       00CCE
_checkTemperature_SET2                         text18       00D16
_chkeckPressKeyNumber                          text8        00EA9
_disp_7seg                                     text11       00B7A
_disp_sub                                      text10       00DF7
_displayMode                                   bssBANK0     0004F
_eusartRxLastError                             bssBANK0     00045
_f1S                                           bssBANK0     00044
_fKeyRelease_SW1                               dataBANK0    0006B
_fKeyRelease_SW2                               dataBANK0    0006A
_fKeyRelease_SW3                               dataBANK0    00069
_fNoKeyPress                                   bssBANK0     0004A
_fNoKeyPressOverTime                           bssBANK0     00049
_fRelay1                                       bssBANK0     00041
_fRelay2                                       bssBANK0     00040
_fTooManyKeyPress                              bssBANK0     0004B
_getKeyStatus                                  text6        00626
_getTemperature                                text1        00BBC
_getTime_ms                                    text9        007F5
_keyDebounce                                   text7        002E7
_longPressCurrentTime                          bssBANK0     0002C
_main                                          maintext     00D5E
_milliSeconds                                  bssBANK0     00030
_t1000ms                                       bssBANK0     00034
_t250ms                                        bssBANK0     00038
_t500ms                                        bssBANK0     00036
_temperature                                   bssBANK0     00048
_temperature1                                  bssBANK0     00047
_temperature_SET1                              dataBANK0    0006D
_temperature_SET2                              dataBANK0    0006C
_timer0ReloadVal                               bssBANK0     00046
_u16Temperature                                bssBANK0     0003C
btemp                                          (abs)        0007E
checkTemperature_SET1@temperatureCheckSet_HI   cstackCOMMON 00078
checkTemperature_SET1@temperatureCheckSet_LO   cstackCOMMON 0007A
checkTemperature_SET2@temperatureCheckSet_HI   cstackCOMMON 00078
checkTemperature_SET2@temperatureCheckSet_LO   cstackCOMMON 0007A
chkeckPressKeyNumber@CurrentTime               cstackCOMMON 00079
chkeckPressKeyNumber@KeyPressTime              dataBANK1    000A0
chkeckPressKeyNumber@keyCnt                    cstackCOMMON 00078
clear_ram0                                     clrtext      00AB7
disp_7seg@char1                                cstackCOMMON 00076
disp_7seg@char2                                cstackCOMMON 00074
disp_7seg@char3                                cstackCOMMON 00075
disp_sub@disp_char                             cstackCOMMON 0007D
disp_sub@disp_temp                             cstackBANK0  00052
disp_sub@display_digital1                      cstackBANK0  00059
disp_sub@display_digital2                      cstackBANK0  00053
disp_sub@display_digital3                      cstackBANK0  00054
disp_sub@i                                     cstackBANK0  00057
disp_sub@temp                                  cstackBANK0  00055
end_of_initialization                          cinit        00035
getKeyStatus@tempCnt                           cstackBANK0  0005C
getKeyStatus@tempMode                          cstackBANK0  0005B
init_ram                                       inittext     00ABD
int$flags                                      (abs)        0007E
intlevel0                                      functab      00000
intlevel1                                      functab      00000
intlevel2                                      functab      00000
intlevel3                                      functab      00000
intlevel4                                      functab      00000
intlevel5                                      functab      00000
keyDebounce@CurrentTime                        cstackBANK0  00053
keyDebounce@SW1_CurrentState                   cstackBANK0  00050
keyDebounce@SW1_PreviousState                  dataBANK0    00068
keyDebounce@SW1_PreviousTime                   bssBANK0     00028
keyDebounce@SW2_CurrentState                   cstackBANK0  00051
keyDebounce@SW2_PreviousState                  dataBANK0    00067
keyDebounce@SW2_PreviousTime                   bssBANK0     00024
keyDebounce@SW3_CurrentState                   cstackBANK0  00052
keyDebounce@SW3_PreviousState                  dataBANK0    00066
keyDebounce@SW3_PreviousTime                   bssBANK0     00020
reset_vec                                      reset_vec    00000
start                                          init         00013
start_initialization                           cinit        00015
wtemp0                                         (abs)        0007E


MODULE INFORMATION

Module		Function		Class		Link	Load	Size
mcc_generated_files/key/key.c
		_chkeckPressKeyNumber		CODE           	0EA9	0000	148
		_getTime_ms    		CODE           	07F5	0000	10
		_keyDebounce   		CODE           	02E7	0000	424
		_getKeyStatus  		CODE           	0626	0000	261

mcc_generated_files/key/key.c estimated size: 843

mcc_generated_files/interrupt_manager.c
		_INTERRUPT_InterruptManager		CODE           	0004	0000	15

mcc_generated_files/interrupt_manager.c estimated size: 15

mcc_generated_files/tmr0.c
		_TMR0_SetInterruptHandler		CODE           	0AB1	0000	6
		_TMR0_ISR      		CODE           	0AEE	0000	16
		_TMR0_Initialize		CODE           	0B11	0000	20

mcc_generated_files/tmr0.c estimated size: 42

C:\Program Files\Microchip\xc8\v3.00\pic\sources\c99\common\Umul16.c
		___wmul        		CODE           	0B5B	0000	31

C:\Program Files\Microchip\xc8\v3.00\pic\sources\c99\common\Umul16.c estimated size: 31

mcc_generated_files/disp_7seg/disp_7seg.c
		_disp_7seg     		CODE           	0B7A	0000	32
		_disp_sub      		CODE           	0DF7	0000	87
		_LED_DISABLE   		CODE           	0AD2	0000	8
		_SSLED         		CODE           	048F	0000	407
		_SSD           		CODE           	0039	0000	686

mcc_generated_files/disp_7seg/disp_7seg.c estimated size: 1220

mcc_generated_files/pin_manager.c
		_PIN_MANAGER_Initialize		CODE           	0B25	0000	27

mcc_generated_files/pin_manager.c estimated size: 27

mcc_generated_files/adc.c
		_ADC_Initialize		CODE           	0ACA	0000	8
		_ADC_GetConversion		CODE           	0B40	0000	27

mcc_generated_files/adc.c estimated size: 35

C:\Program Files\Microchip\xc8\v3.00\pic\sources\c99\common\lwmod.c
		___lwmod       		CODE           	0BE9	0000	50

C:\Program Files\Microchip\xc8\v3.00\pic\sources\c99\common\lwmod.c estimated size: 50

C:\Program Files\Microchip\xc8\v3.00\pic\sources\c99\common\awmod.c
		___awmod       		CODE           	0DA6	0000	81

C:\Program Files\Microchip\xc8\v3.00\pic\sources\c99\common\awmod.c estimated size: 81

shared
		__initialization		CODE           	0015	0000	32
		_TEMPERATURE_TAB		STRCODE        	072B	0000	202

shared estimated size: 234

mcc_generated_files/mcc.c
		_WDT_Initialize		CODE           	0A9B	0000	4
		_OSCILLATOR_Initialize		CODE           	0AC3	0000	7
		_SYSTEM_Initialize		CODE           	0AFE	0000	19

mcc_generated_files/mcc.c estimated size: 30

C:\Program Files\Microchip\xc8\v3.00\pic\sources\c99\common\lwdiv.c
		___lwdiv       		CODE           	0C52	0000	58

C:\Program Files\Microchip\xc8\v3.00\pic\sources\c99\common\lwdiv.c estimated size: 58

C:\Program Files\Microchip\xc8\v3.00\pic\sources\c99\common\awdiv.c
		___awdiv       		CODE           	0E4E	0000	91

C:\Program Files\Microchip\xc8\v3.00\pic\sources\c99\common\awdiv.c estimated size: 91

mcc_generated_files/eusart.c
		_EUSART_Initialize		CODE           	0B9A	0000	34
		_EUSART_SetFramingErrorHandler		CODE           	0AA5	0000	6
		_EUSART_SetErrorHandler		CODE           	0A9F	0000	6
		_EUSART_SetOverrunErrorHandler		CODE           	0AAB	0000	6

mcc_generated_files/eusart.c estimated size: 52

main.c
		_TMR0_timerHandler		CODE           	0C1B	0000	55
		_main          		CODE           	0D5E	0000	72
		_checkTemperature_SET1		CODE           	0CCE	0000	72
		_checkTemperature_SET2		CODE           	0D16	0000	72

main.c estimated size: 271

mcc_generated_files/temperature/termperature.c
		_ADC2Temperature		CODE           	0F3D	0000	195
		_getTemperature		CODE           	0BBC	0000	45
		_CalTemperture 		CODE           	0C8C	0000	66

mcc_generated_files/temperature/termperature.c estimated size: 306

